Archive member included to satisfy reference by file (symbol)

/usr/local/Cellar/gcc-arm-none-eabi-54/20160926/bin/../lib/gcc/arm-none-eabi/5.4.1/armv7-m/libgcc.a(_ashldi3.o)
                              obj_zoul/mmc.o (__aeabi_llsl)
/usr/local/Cellar/gcc-arm-none-eabi-54/20160926/bin/../lib/gcc/arm-none-eabi/5.4.1/armv7-m/libgcc.a(_aeabi_uldivmod.o)
                              obj_zoul/spi.o (__aeabi_uldivmod)
/usr/local/Cellar/gcc-arm-none-eabi-54/20160926/bin/../lib/gcc/arm-none-eabi/5.4.1/armv7-m/libgcc.a(_udivmoddi4.o)
                              /usr/local/Cellar/gcc-arm-none-eabi-54/20160926/bin/../lib/gcc/arm-none-eabi/5.4.1/armv7-m/libgcc.a(_aeabi_uldivmod.o) (__udivmoddi4)
/usr/local/Cellar/gcc-arm-none-eabi-54/20160926/bin/../lib/gcc/arm-none-eabi/5.4.1/armv7-m/libgcc.a(_dvmd_tls.o)
                              /usr/local/Cellar/gcc-arm-none-eabi-54/20160926/bin/../lib/gcc/arm-none-eabi/5.4.1/armv7-m/libgcc.a(_aeabi_uldivmod.o) (__aeabi_ldiv0)
/usr/local/Cellar/gcc-arm-none-eabi-54/20160926/bin/../lib/gcc/arm-none-eabi/5.4.1/../../../../arm-none-eabi/lib/armv7-m/libc.a(lib_a-locale.o)
                              obj_zoul/resolv.o (__locale_ctype_ptr)
/usr/local/Cellar/gcc-arm-none-eabi-54/20160926/bin/../lib/gcc/arm-none-eabi/5.4.1/../../../../arm-none-eabi/lib/armv7-m/libc.a(lib_a-malloc.o)
                              obj_zoul/syscall.o (malloc)
/usr/local/Cellar/gcc-arm-none-eabi-54/20160926/bin/../lib/gcc/arm-none-eabi/5.4.1/../../../../arm-none-eabi/lib/armv7-m/libc.a(lib_a-mallocr.o)
                              /usr/local/Cellar/gcc-arm-none-eabi-54/20160926/bin/../lib/gcc/arm-none-eabi/5.4.1/../../../../arm-none-eabi/lib/armv7-m/libc.a(lib_a-malloc.o) (_malloc_r)
/usr/local/Cellar/gcc-arm-none-eabi-54/20160926/bin/../lib/gcc/arm-none-eabi/5.4.1/../../../../arm-none-eabi/lib/armv7-m/libc.a(lib_a-mbtowc_r.o)
                              /usr/local/Cellar/gcc-arm-none-eabi-54/20160926/bin/../lib/gcc/arm-none-eabi/5.4.1/../../../../arm-none-eabi/lib/armv7-m/libc.a(lib_a-locale.o) (__ascii_mbtowc)
/usr/local/Cellar/gcc-arm-none-eabi-54/20160926/bin/../lib/gcc/arm-none-eabi/5.4.1/../../../../arm-none-eabi/lib/armv7-m/libc.a(lib_a-memchr-stub.o)
                              obj_zoul/er-coap.o (memchr)
/usr/local/Cellar/gcc-arm-none-eabi-54/20160926/bin/../lib/gcc/arm-none-eabi/5.4.1/../../../../arm-none-eabi/lib/armv7-m/libc.a(lib_a-memcmp.o)
                              obj_zoul/er-coap-observe.o (memcmp)
/usr/local/Cellar/gcc-arm-none-eabi-54/20160926/bin/../lib/gcc/arm-none-eabi/5.4.1/../../../../arm-none-eabi/lib/armv7-m/libc.a(lib_a-memcpy.o)
                              obj_zoul/er-coap.o (memcpy)
/usr/local/Cellar/gcc-arm-none-eabi-54/20160926/bin/../lib/gcc/arm-none-eabi/5.4.1/../../../../arm-none-eabi/lib/armv7-m/libc.a(lib_a-memmove.o)
                              obj_zoul/er-coap.o (memmove)
/usr/local/Cellar/gcc-arm-none-eabi-54/20160926/bin/../lib/gcc/arm-none-eabi/5.4.1/../../../../arm-none-eabi/lib/armv7-m/libc.a(lib_a-memset.o)
                              obj_zoul/er-coap.o (memset)
/usr/local/Cellar/gcc-arm-none-eabi-54/20160926/bin/../lib/gcc/arm-none-eabi/5.4.1/../../../../arm-none-eabi/lib/armv7-m/libc.a(lib_a-mlock.o)
                              /usr/local/Cellar/gcc-arm-none-eabi-54/20160926/bin/../lib/gcc/arm-none-eabi/5.4.1/../../../../arm-none-eabi/lib/armv7-m/libc.a(lib_a-mallocr.o) (__malloc_lock)
/usr/local/Cellar/gcc-arm-none-eabi-54/20160926/bin/../lib/gcc/arm-none-eabi/5.4.1/../../../../arm-none-eabi/lib/armv7-m/libc.a(lib_a-reent.o)
                              obj_zoul/syscalls.o (errno)
/usr/local/Cellar/gcc-arm-none-eabi-54/20160926/bin/../lib/gcc/arm-none-eabi/5.4.1/../../../../arm-none-eabi/lib/armv7-m/libc.a(lib_a-sbrkr.o)
                              /usr/local/Cellar/gcc-arm-none-eabi-54/20160926/bin/../lib/gcc/arm-none-eabi/5.4.1/../../../../arm-none-eabi/lib/armv7-m/libc.a(lib_a-mallocr.o) (_sbrk_r)
/usr/local/Cellar/gcc-arm-none-eabi-54/20160926/bin/../lib/gcc/arm-none-eabi/5.4.1/../../../../arm-none-eabi/lib/armv7-m/libc.a(lib_a-strcasecmp.o)
                              obj_zoul/resolv.o (strcasecmp)
/usr/local/Cellar/gcc-arm-none-eabi-54/20160926/bin/../lib/gcc/arm-none-eabi/5.4.1/../../../../arm-none-eabi/lib/armv7-m/libc.a(lib_a-strcat.o)
                              obj_zoul/resolv.o (strcat)
/usr/local/Cellar/gcc-arm-none-eabi-54/20160926/bin/../lib/gcc/arm-none-eabi/5.4.1/../../../../arm-none-eabi/lib/armv7-m/libc.a(lib_a-strchr.o)
                              obj_zoul/er-coap.o (strchr)
/usr/local/Cellar/gcc-arm-none-eabi-54/20160926/bin/../lib/gcc/arm-none-eabi/5.4.1/../../../../arm-none-eabi/lib/armv7-m/libc.a(lib_a-strcmp.o)
                              obj_zoul/cfs-coffee.o (strcmp)
/usr/local/Cellar/gcc-arm-none-eabi-54/20160926/bin/../lib/gcc/arm-none-eabi/5.4.1/../../../../arm-none-eabi/lib/armv7-m/libc.a(lib_a-strcpy.o)
[...]
Memory Configuration

Name             Origin             Length             Attributes
FLASH_FW         0x0000000000202000 0x000000000007dfd4 xr
FLASH_CCA        0x000000000027ffd4 0x000000000000002c xr
NRSRAM           0x0000000020000000 0x0000000000004000 xrw
FRSRAM           0x0000000020004000 0x0000000000004000 xrw
*default*        0x0000000000000000 0xffffffffffffffff

Linker script and memory map

LOAD obj_zoul/startup-gcc.o
LOAD obj_zoul/er-coap.o
LOAD obj_zoul/er-coap-engine.o
LOAD obj_zoul/er-coap-transactions.o
LOAD obj_zoul/er-coap-observe.o
LOAD obj_zoul/er-coap-separate.o
LOAD obj_zoul/er-coap-res-well-known-core.o
LOAD obj_zoul/er-coap-block1.o
LOAD obj_zoul/er-coap-observe-client.o
LOAD obj_zoul/rest-engine.o
LOAD obj_zoul/contiki-main.o
LOAD obj_zoul/leds.o
LOAD obj_zoul/cc1200-zoul-arch.o
LOAD obj_zoul/adc-zoul.o
LOAD obj_zoul/button-sensor.o
LOAD obj_zoul/zoul-sensors.o
LOAD obj_zoul/board.o
LOAD obj_zoul/antenna-sw.o
LOAD obj_zoul/mmc-arch.o
LOAD obj_zoul/rtcc.o
LOAD obj_zoul/leds-res-arch.o
LOAD obj_zoul/power-mgmt.o
LOAD obj_zoul/soc.o
LOAD obj_zoul/clock.o
LOAD obj_zoul/rtimer-arch.o
LOAD obj_zoul/uart.o
LOAD obj_zoul/watchdog.o
LOAD obj_zoul/nvic.o
LOAD obj_zoul/sys-ctrl.o
LOAD obj_zoul/gpio.o
LOAD obj_zoul/ioc.o
LOAD obj_zoul/spi.o
LOAD obj_zoul/adc.o
LOAD obj_zoul/crypto.o
LOAD obj_zoul/aes.o
LOAD obj_zoul/ecb.o
LOAD obj_zoul/cbc.o
LOAD obj_zoul/ctr.o
LOAD obj_zoul/cbc-mac.o
LOAD obj_zoul/gcm.o
LOAD obj_zoul/ccm.o
LOAD obj_zoul/sha256.o
LOAD obj_zoul/cc2538-aes-128.o
LOAD obj_zoul/cc2538-ccm-star.o
LOAD obj_zoul/cc2538-rf.o
LOAD obj_zoul/udma.o
LOAD obj_zoul/lpm.o
LOAD obj_zoul/pka.o
LOAD obj_zoul/bignum-driver.o
LOAD obj_zoul/ecc-driver.o
LOAD obj_zoul/ecc-algorithm.o
LOAD obj_zoul/ecc-curve.o
LOAD obj_zoul/dbg.o
LOAD obj_zoul/ieee-addr.o
LOAD obj_zoul/slip-arch.o
LOAD obj_zoul/slip.o
LOAD obj_zoul/i2c.o
LOAD obj_zoul/cc2538-temp-sensor.o
LOAD obj_zoul/vdd3-sensor.o
LOAD obj_zoul/cfs-coffee.o
LOAD obj_zoul/cfs-coffee-arch.o
LOAD obj_zoul/pwm.o
LOAD obj_zoul/dbg-printf.o
LOAD obj_zoul/dbg-snprintf.o
LOAD obj_zoul/dbg-sprintf.o
LOAD obj_zoul/strformat.o
LOAD obj_zoul/usb-core.o
LOAD obj_zoul/cdc-acm.o
LOAD obj_zoul/usb-arch.o
LOAD obj_zoul/usb-serial.o
LOAD obj_zoul/cdc-acm-descriptors.o
LOAD obj_zoul/arg.o
LOAD obj_zoul/autostart.o
LOAD obj_zoul/compower.o
LOAD obj_zoul/ctimer.o
LOAD obj_zoul/energest.o
LOAD obj_zoul/etimer.o
LOAD obj_zoul/mt.o
LOAD obj_zoul/process.o
LOAD obj_zoul/procinit.o
LOAD obj_zoul/rtimer.o
LOAD obj_zoul/stimer.o
LOAD obj_zoul/timer.o
LOAD obj_zoul/nullradio.o
LOAD obj_zoul/serial-line.o
LOAD obj_zoul/aes-128.o
LOAD obj_zoul/assert.o
LOAD obj_zoul/ccm-star.o
LOAD obj_zoul/crc16.o
LOAD obj_zoul/gcr.o
LOAD obj_zoul/ifft.o
LOAD obj_zoul/list.o
LOAD obj_zoul/me.o
LOAD obj_zoul/me_tabs.o
LOAD obj_zoul/memb.o
LOAD obj_zoul/mmem.o
LOAD obj_zoul/petsciiconv.o
LOAD obj_zoul/print-stats.o
LOAD obj_zoul/random.o
LOAD obj_zoul/ringbuf.o
LOAD obj_zoul/ringbufindex.o
LOAD obj_zoul/sensors.o
LOAD obj_zoul/settings.o
LOAD obj_zoul/trickle-timer.o
LOAD obj_zoul/sicslowpan.o
LOAD obj_zoul/uip-ds6-nbr.o
LOAD obj_zoul/uip-ds6-route.o
LOAD obj_zoul/uip-ds6.o
LOAD obj_zoul/uip-icmp6.o
LOAD obj_zoul/uip-nd6.o
LOAD obj_zoul/uip6.o
LOAD obj_zoul/websocket-http-client.o
LOAD obj_zoul/websocket.o
LOAD obj_zoul/dhcpc.o
LOAD obj_zoul/ip64-addr.o
LOAD obj_zoul/psock.o
LOAD obj_zoul/resolv.o
LOAD obj_zoul/simple-udp.o
LOAD obj_zoul/slipdev.o
LOAD obj_zoul/tcp-socket.o
LOAD obj_zoul/tcpip.o
LOAD obj_zoul/udp-socket.o
LOAD obj_zoul/uip-debug.o
LOAD obj_zoul/uip-nameserver.o
LOAD obj_zoul/uip-packetqueue.o
LOAD obj_zoul/uip-split.o
LOAD obj_zoul/uip-udp-packet.o
LOAD obj_zoul/uiplib.o
LOAD obj_zoul/rpl-dag-root.o
LOAD obj_zoul/rpl-dag.o
LOAD obj_zoul/rpl-ext-header.o
LOAD obj_zoul/rpl-icmp6.o
LOAD obj_zoul/rpl-mrhof.o
LOAD obj_zoul/rpl-nbr-policy.o
LOAD obj_zoul/rpl-ns.o
LOAD obj_zoul/rpl-of0.o
LOAD obj_zoul/rpl-timers.o
LOAD obj_zoul/rpl.o
LOAD obj_zoul/ff.o
LOAD obj_zoul/syscall.o
LOAD obj_zoul/unicode.o
LOAD obj_zoul/diskio.o
LOAD obj_zoul/mmc.o
LOAD obj_zoul/syscalls.o
LOAD obj_zoul/mtarch.o
LOAD obj_zoul/link-stats.o
LOAD obj_zoul/linkaddr.o
LOAD obj_zoul/nbr-table.o
LOAD obj_zoul/net-debug.o
LOAD obj_zoul/netstack.o
LOAD obj_zoul/packetbuf.o
LOAD obj_zoul/queuebuf.o
LOAD obj_zoul/csma.o
LOAD obj_zoul/frame802154.o
LOAD obj_zoul/frame802154e-ie.o
LOAD obj_zoul/framer-802154.o
LOAD obj_zoul/framer-nullmac.o
LOAD obj_zoul/mac-sequence.o
LOAD obj_zoul/mac.o
LOAD obj_zoul/nordc.o
LOAD obj_zoul/nullmac.o
LOAD obj_zoul/nullrdc-noframer.o
LOAD obj_zoul/nullrdc.o
LOAD obj_zoul/phase.o
LOAD obj_zoul/contikimac-framer.o
LOAD obj_zoul/contikimac.o
LOAD obj_zoul/anti-replay.o
LOAD obj_zoul/ccm-star-packetbuf.o
LOAD obj_zoul/nullsec.o
LOAD obj_zoul/noncoresec.o
LOAD obj_zoul/cc1200-802154g-863-870-fsk-50kbps.o
LOAD obj_zoul/cc1200-868-fsk-1-2kbps.o
LOAD obj_zoul/cc1200.o
LOAD client.co
LOAD obj_zoul/res-alarm.o
LOAD obj_zoul/res-hih6130-hum.o
LOAD obj_zoul/res-hih6130-temp.o
LOAD obj_zoul/res-toggle.o
LOAD obj_zoul/hih6130.o
LOAD obj_zoul/am2315.o
LOAD obj_zoul/fc2231.o
START GROUP
LOAD /usr/local/Cellar/gcc-arm-none-eabi-54/20160926/bin/../lib/gcc/arm-none-eabi/5.4.1/armv7-m/libgcc.a
LOAD /usr/local/Cellar/gcc-arm-none-eabi-54/20160926/bin/../lib/gcc/arm-none-eabi/5.4.1/../../../../arm-none-eabi/lib/armv7-m/libc.a
END GROUP

.text           0x0000000000202000     0xcc22
                0x0000000000202000                _text = .
 *(SORT(.vectors))
 .vectors       0x0000000000202000      0x28c obj_zoul/startup-gcc.o
                0x0000000000202000                vectors
 *(SORT(.text*))
 .text.reset_handler
                0x000000000020228c       0x40 obj_zoul/startup-gcc.o
                0x000000000020228c                reset_handler
 .text.coap_init_connection
                0x00000000002022cc       0x28 obj_zoul/er-coap.o
                0x00000000002022cc                coap_init_connection
 .text.coap_get_mid
                0x00000000002022f4       0x10 obj_zoul/er-coap.o
                0x00000000002022f4                coap_get_mid
 .text.coap_serialize_message
                0x0000000000202304      0x2e4 obj_zoul/er-coap.o
                0x0000000000202304                coap_serialize_message
 .text.coap_send_message
                0x00000000002025e8       0x4c obj_zoul/er-coap.o
                0x00000000002025e8                coap_send_message
 .text.coap_parse_message
                0x0000000000202634      0x300 obj_zoul/er-coap.o
                0x0000000000202634                coap_parse_message
 .text.process_thread_coap_engine
                0x0000000000202934      0x388 obj_zoul/er-coap-engine.o
 .text.coap_init_engine
                0x0000000000202cbc        0xc obj_zoul/er-coap-engine.o
                0x0000000000202cbc                coap_init_engine
 .text.coap_register_as_transaction_handler
                0x0000000000202cc8       0x14 obj_zoul/er-coap-transactions.o
                0x0000000000202cc8                coap_register_as_transaction_handler
 .text.coap_new_transaction
                0x0000000000202cdc       0x44 obj_zoul/er-coap-transactions.o
                0x0000000000202cdc                coap_new_transaction
 .text.coap_clear_transaction
                0x0000000000202d20       0x2c obj_zoul/er-coap-transactions.o
                0x0000000000202d20                coap_clear_transaction
 .text.coap_send_transaction
                0x0000000000202d4c       0x98 obj_zoul/er-coap-transactions.o
                0x0000000000202d4c                coap_send_transaction
 .text.coap_get_transaction_by_mid
                0x0000000000202de4       0x1c obj_zoul/er-coap-transactions.o
                0x0000000000202de4                coap_get_transaction_by_mid
 .text.coap_check_transactions
                0x0000000000202e00       0x2c obj_zoul/er-coap-transactions.o
                0x0000000000202e00                coap_check_transactions
 .text.coap_remove_observer
                0x0000000000202e2c       0x20 obj_zoul/er-coap-observe.o
                0x0000000000202e2c                coap_remove_observer
 .text.coap_remove_observer_by_client
                0x0000000000202e4c       0x3c obj_zoul/er-coap-observe.o
                0x0000000000202e4c                coap_remove_observer_by_client
 .text.coap_remove_observer_by_mid
                0x0000000000202e88       0x48 obj_zoul/er-coap-observe.o
                0x0000000000202e88                coap_remove_observer_by_mid
 .text.well_known_core_get_handler
                0x0000000000202ed0      0x160 obj_zoul/er-coap-res-well-known-core.o
                0x0000000000202ed0                well_known_core_get_handler
 .text.classify_notification
                0x0000000000203030       0x54 obj_zoul/er-coap-observe-client.o
 .text.simple_reply.isra.1
                0x0000000000203084       0x38 obj_zoul/er-coap-observe-client.o
 .text.coap_get_obs_subject_by_token
                0x00000000002030bc       0x40 obj_zoul/er-coap-observe-client.o
                0x00000000002030bc                coap_get_obs_subject_by_token
 .text.coap_handle_notification
                0x00000000002030fc       0xa8 obj_zoul/er-coap-observe-client.o
                0x00000000002030fc                coap_handle_notification
 .text.process_thread_rest_engine_process
                0x00000000002031a4       0x88 obj_zoul/rest-engine.o
 .text.rest_activate_resource
                0x000000000020322c       0x54 obj_zoul/rest-engine.o
                0x000000000020322c                rest_activate_resource
 .text.rest_get_resources
                0x0000000000203280        0x8 obj_zoul/rest-engine.o
                0x0000000000203280                rest_get_resources
 .text.startup.main
                0x0000000000203288      0x1b0 obj_zoul/contiki-main.o
                0x0000000000203288                main
 .text.leds_init
                0x0000000000203438       0x14 obj_zoul/leds.o
                0x0000000000203438                leds_init
 .text.leds_on  0x000000000020344c       0x10 obj_zoul/leds.o
                0x000000000020344c                leds_on
 .text.leds_off
                0x000000000020345c       0x14 obj_zoul/leds.o
                0x000000000020345c                leds_off
 .text.cc1200_arch_spi_select
                0x0000000000203470       0x18 obj_zoul/cc1200-zoul-arch.o
                0x0000000000203470                cc1200_arch_spi_select
 .text.cc1200_arch_spi_deselect
                0x0000000000203488        0xc obj_zoul/cc1200-zoul-arch.o
                0x0000000000203488                cc1200_arch_spi_deselect
 .text.cc1200_arch_spi_rw_byte
                0x0000000000203494       0x24 obj_zoul/cc1200-zoul-arch.o
                0x0000000000203494                cc1200_arch_spi_rw_byte
 .text.cc1200_arch_spi_rw
                0x00000000002034b8       0xa8 obj_zoul/cc1200-zoul-arch.o
                0x00000000002034b8                cc1200_arch_spi_rw
 .text.cc1200_arch_gpio0_setup_irq
                0x0000000000203560       0x80 obj_zoul/cc1200-zoul-arch.o
                0x0000000000203560                cc1200_arch_gpio0_setup_irq
 .text.cc1200_arch_gpio0_enable_irq
                0x00000000002035e0       0x28 obj_zoul/cc1200-zoul-arch.o
                0x00000000002035e0                cc1200_arch_gpio0_enable_irq
 .text.cc1200_arch_gpio0_disable_irq
                0x0000000000203608       0x10 obj_zoul/cc1200-zoul-arch.o
                0x0000000000203608                cc1200_arch_gpio0_disable_irq
 .text.cc1200_arch_gpio0_read_pin
                0x0000000000203618       0x10 obj_zoul/cc1200-zoul-arch.o
                0x0000000000203618                cc1200_arch_gpio0_read_pin
 .text.cc1200_arch_init
                0x0000000000203628       0x84 obj_zoul/cc1200-zoul-arch.o
                0x0000000000203628                cc1200_arch_init
 .text.value    0x00000000002036ac       0x38 obj_zoul/adc-zoul.o
 .text.configure
                0x00000000002036e4       0x8c obj_zoul/adc-zoul.o
 .text.value    0x0000000000203770       0x20 obj_zoul/button-sensor.o
 .text.duration_exceeded_callback
                0x0000000000203790       0x3c obj_zoul/button-sensor.o
 .text.config_user
                0x00000000002037cc       0xa0 obj_zoul/button-sensor.o
 .text.btn_callback
                0x000000000020386c       0x5c obj_zoul/button-sensor.o
 .text.antenna_sw_config
                0x00000000002038c8       0x30 obj_zoul/antenna-sw.o
                0x00000000002038c8                antenna_sw_config
 .text.leds_arch_init
                0x00000000002038f8       0x48 obj_zoul/leds-res-arch.o
                0x00000000002038f8                leds_arch_init
 .text.leds_arch_set
                0x0000000000203940       0x44 obj_zoul/leds-res-arch.o
                0x0000000000203940                leds_arch_set
 .text.soc_get_rev
                0x0000000000203984       0x18 obj_zoul/soc.o
                0x0000000000203984                soc_get_rev
 .text.soc_get_sram_size
                0x000000000020399c       0x1c obj_zoul/soc.o
                0x000000000020399c                soc_get_sram_size
 .text.soc_print_info
                0x00000000002039b8       0x70 obj_zoul/soc.o
                0x00000000002039b8                soc_print_info
 .text.update_ticks
                0x0000000000203a28       0x4c obj_zoul/clock.o
 .text.clock_init
                0x0000000000203a74       0x4c obj_zoul/clock.o
                0x0000000000203a74                clock_init
 .text.clock_time
                0x0000000000203ac0       0x14 obj_zoul/clock.o
                0x0000000000203ac0                clock_time
 .text.clock_seconds
                0x0000000000203ad4       0x14 obj_zoul/clock.o
                0x0000000000203ad4                clock_seconds
 .text.clock_delay_usec
                0x0000000000203ae8       0x1c obj_zoul/clock.o
                0x0000000000203ae8                clock_delay_usec
 .text.clock_adjust
                0x0000000000203b04       0x20 obj_zoul/clock.o
                0x0000000000203b04                clock_adjust
 .text.rtimer_arch_next_trigger
                0x0000000000203b24        0xc obj_zoul/rtimer-arch.o
                0x0000000000203b24                rtimer_arch_next_trigger
 .text.rtimer_arch_now
                0x0000000000203b30       0x2c obj_zoul/rtimer-arch.o
                0x0000000000203b30                rtimer_arch_now
 .text.rtimer_arch_schedule
                0x0000000000203b5c       0x58 obj_zoul/rtimer-arch.o
                0x0000000000203b5c                rtimer_arch_schedule
 .text.rtimer_isr
                0x0000000000203bb4       0x2c obj_zoul/rtimer-arch.o
                0x0000000000203bb4                rtimer_isr
 .text.permit_pm1
                0x0000000000203be0       0x24 obj_zoul/uart.o
 .text.uart_isr
                0x0000000000203c04       0x64 obj_zoul/uart.o
 .text.uart_init
                0x0000000000203c68      0x198 obj_zoul/uart.o
                0x0000000000203c68                uart_init
 .text.uart_set_input
                0x0000000000203e00       0x10 obj_zoul/uart.o
                0x0000000000203e00                uart_set_input
 .text.uart_write_byte
                0x0000000000203e10       0x1c obj_zoul/uart.o
                0x0000000000203e10                uart_write_byte
 .text.watchdog_init
                0x0000000000203e2c        0xc obj_zoul/watchdog.o
                0x0000000000203e2c                watchdog_init
 .text.watchdog_start
                0x0000000000203e38        0xc obj_zoul/watchdog.o
                0x0000000000203e38                watchdog_start
 .text.watchdog_periodic
                0x0000000000203e44       0x10 obj_zoul/watchdog.o
                0x0000000000203e44                watchdog_periodic
 .text.nvic_init
                0x0000000000203e54       0x10 obj_zoul/nvic.o
                0x0000000000203e54                nvic_init
 .text.sys_ctrl_get_reset_cause
                0x0000000000203e64       0x10 obj_zoul/sys-ctrl.o
                0x0000000000203e64                sys_ctrl_get_reset_cause
 .text.sys_ctrl_get_reset_cause_str
                0x0000000000203e74       0x14 obj_zoul/sys-ctrl.o
                0x0000000000203e74                sys_ctrl_get_reset_cause_str
 .text.sys_ctrl_init
                0x0000000000203e88       0x74 obj_zoul/sys-ctrl.o
                0x0000000000203e88                sys_ctrl_init
 .text.sys_ctrl_get_sys_clock
                0x0000000000203efc       0x18 obj_zoul/sys-ctrl.o
                0x0000000000203efc                sys_ctrl_get_sys_clock
 .text.sys_ctrl_get_io_clock
                0x0000000000203f14       0x18 obj_zoul/sys-ctrl.o
                0x0000000000203f14                sys_ctrl_get_io_clock
 .text.gpio_register_callback
                0x0000000000203f2c       0x10 obj_zoul/gpio.o
                0x0000000000203f2c                gpio_register_callback
 .text.notify   0x0000000000203f3c       0x30 obj_zoul/gpio.o
                0x0000000000203f3c                notify
 .text.gpio_port_isr
                0x0000000000203f6c       0x50 obj_zoul/gpio.o
 .text.gpio_init
                0x0000000000203fbc       0x10 obj_zoul/gpio.o
                0x0000000000203fbc                gpio_init
 .text.ioc_init
                0x0000000000203fcc       0x1c obj_zoul/ioc.o
                0x0000000000203fcc                ioc_init
 .text.ioc_set_over
                0x0000000000203fe8       0x14 obj_zoul/ioc.o
                0x0000000000203fe8                ioc_set_over
 .text.ioc_set_sel
                0x0000000000203ffc       0x14 obj_zoul/ioc.o
                0x0000000000203ffc                ioc_set_sel
 .text.spix_enable
                0x0000000000204010       0x18 obj_zoul/spi.o
                0x0000000000204010                spix_enable
 .text.spix_init
                0x0000000000204028       0xec obj_zoul/spi.o
                0x0000000000204028                spix_init
 .text.spix_cs_init
                0x0000000000204114       0x38 obj_zoul/spi.o
                0x0000000000204114                spix_cs_init
 .text.adc_init
                0x000000000020414c       0x10 obj_zoul/adc.o
                0x000000000020414c                adc_init
 .text.adc_get  0x000000000020415c       0x74 obj_zoul/adc.o
                0x000000000020415c                adc_get
 .text.permit_pm1
                0x00000000002041d0       0x10 obj_zoul/crypto.o
 .text.crypto_isr
                0x00000000002041e0       0x28 obj_zoul/crypto.o
                0x00000000002041e0                crypto_isr
 .text.crypto_enable
                0x0000000000204208       0x20 obj_zoul/crypto.o
                0x0000000000204208                crypto_enable
 .text.crypto_init
                0x0000000000204228       0x3c obj_zoul/crypto.o
                0x0000000000204228                crypto_init
 .text.crypto_disable
                0x0000000000204264       0x20 obj_zoul/crypto.o
                0x0000000000204264                crypto_disable
 .text.on       0x0000000000204284       0x2c obj_zoul/cc2538-rf.o
 .text.off      0x00000000002042b0       0x44 obj_zoul/cc2538-rf.o
 .text.set_channel
                0x00000000002042f4       0x48 obj_zoul/cc2538-rf.o
 .text.set_poll_mode
                0x000000000020433c       0x9c obj_zoul/cc2538-rf.o
 .text.read     0x00000000002043d8       0xe0 obj_zoul/cc2538-rf.o
 .text.init     0x00000000002044b8       0xc8 obj_zoul/cc2538-rf.o
 .text.process_thread_cc2538_rf_process
                0x0000000000204580       0x90 obj_zoul/cc2538-rf.o
 .text.cc2538_rf_rx_tx_isr
                0x0000000000204610       0x24 obj_zoul/cc2538-rf.o
                0x0000000000204610                cc2538_rf_rx_tx_isr
 .text.cc2538_rf_err_isr
                0x0000000000204634       0x28 obj_zoul/cc2538-rf.o
                0x0000000000204634                cc2538_rf_err_isr
 .text.udma_init
                0x000000000020465c       0x34 obj_zoul/udma.o
                0x000000000020465c                udma_init
 .text.udma_set_channel_src
                0x0000000000204690       0x10 obj_zoul/udma.o
                0x0000000000204690                udma_set_channel_src
 .text.udma_set_channel_dst
                0x00000000002046a0       0x14 obj_zoul/udma.o
                0x00000000002046a0                udma_set_channel_dst
 .text.udma_set_channel_control_word
                0x00000000002046b4       0x14 obj_zoul/udma.o
                0x00000000002046b4                udma_set_channel_control_word
 .text.udma_channel_enable
                0x00000000002046c8       0x18 obj_zoul/udma.o
                0x00000000002046c8                udma_channel_enable
 .text.udma_channel_mask_set
                0x00000000002046e0       0x18 obj_zoul/udma.o
                0x00000000002046e0                udma_channel_mask_set
 .text.udma_channel_sw_request
                0x00000000002046f8       0x18 obj_zoul/udma.o
                0x00000000002046f8                udma_channel_sw_request
 .text.udma_channel_get_mode
                0x0000000000204710       0x1c obj_zoul/udma.o
                0x0000000000204710                udma_channel_get_mode
 .text.udma_isr
                0x000000000020472c       0x10 obj_zoul/udma.o
                0x000000000020472c                udma_isr
 .text.udma_err_isr
                0x000000000020473c        0xc obj_zoul/udma.o
                0x000000000020473c                udma_err_isr
 .text.select_32_mhz_xosc
                0x0000000000204748       0x30 obj_zoul/lpm.o
 .text.lpm_exit
                0x0000000000204778       0x38 obj_zoul/lpm.o
                0x0000000000204778                lpm_exit
 .text.lpm_enter
                0x00000000002047b0       0xb4 obj_zoul/lpm.o
                0x00000000002047b0                lpm_enter
 .text.lpm_register_peripheral
                0x0000000000204864       0x24 obj_zoul/lpm.o
                0x0000000000204864                lpm_register_peripheral
 .text.lpm_init
                0x0000000000204888       0x24 obj_zoul/lpm.o
                0x0000000000204888                lpm_init
 .text.pka_isr  0x00000000002048ac       0x28 obj_zoul/pka.o
                0x00000000002048ac                pka_isr
 .text.ieee_addr_cpy_to
                0x00000000002048d4       0x74 obj_zoul/ieee-addr.o
                0x00000000002048d4                ieee_addr_cpy_to
 .text.i2c_master_enable
                0x0000000000204948       0x10 obj_zoul/i2c.o
                0x0000000000204948                i2c_master_enable
 .text.i2c_set_frequency
                0x0000000000204958       0x1c obj_zoul/i2c.o
                0x0000000000204958                i2c_set_frequency
 .text.i2c_init
                0x0000000000204974       0xc8 obj_zoul/i2c.o
                0x0000000000204974                i2c_init
 .text.i2c_master_command
                0x0000000000204a3c       0x10 obj_zoul/i2c.o
                0x0000000000204a3c                i2c_master_command
 .text.i2c_master_error
                0x0000000000204a4c       0x1c obj_zoul/i2c.o
                0x0000000000204a4c                i2c_master_error
 .text.i2c_single_send
                0x0000000000204a68       0x28 obj_zoul/i2c.o
                0x0000000000204a68                i2c_single_send
 .text.i2c_single_receive
                0x0000000000204a90       0x38 obj_zoul/i2c.o
                0x0000000000204a90                i2c_single_receive
 .text.i2c_burst_send
                0x0000000000204ac8       0x98 obj_zoul/i2c.o
                0x0000000000204ac8                i2c_burst_send
 .text.i2c_burst_receive
                0x0000000000204b60       0x98 obj_zoul/i2c.o
                0x0000000000204b60                i2c_burst_receive
 .text.printf   0x0000000000204bf8       0x20 obj_zoul/dbg-printf.o
                0x0000000000204bf8                printf
 .text.vsnprintf
                0x0000000000204c18       0x28 obj_zoul/dbg-snprintf.o
                0x0000000000204c18                vsnprintf
 .text.fill_space
                0x0000000000204c40       0x34 obj_zoul/strformat.o
 .text.format_str_v
                0x0000000000204c74      0x6c8 obj_zoul/strformat.o
                0x0000000000204c74                format_str_v
 .text.process_thread_ctimer_process
                0x000000000020533c       0x80 obj_zoul/ctimer.o
 .text.ctimer_init
                0x00000000002053bc       0x28 obj_zoul/ctimer.o
                0x00000000002053bc                ctimer_init
 .text.ctimer_set_with_process
                0x00000000002053e4       0x44 obj_zoul/ctimer.o
                0x00000000002053e4                ctimer_set_with_process
 .text.ctimer_set
                0x0000000000205428       0x14 obj_zoul/ctimer.o
                0x0000000000205428                ctimer_set
 .text.ctimer_reset
                0x000000000020543c       0x38 obj_zoul/ctimer.o
                0x000000000020543c                ctimer_reset
 .text.ctimer_restart
                0x0000000000205474       0x38 obj_zoul/ctimer.o
                0x0000000000205474                ctimer_restart
 .text.ctimer_stop
                0x00000000002054ac       0x2c obj_zoul/ctimer.o
                0x00000000002054ac                ctimer_stop
 .text.update_time
                0x00000000002054d8       0x44 obj_zoul/etimer.o
 .text.etimer_request_poll
                0x000000000020551c        0xc obj_zoul/etimer.o
                0x000000000020551c                etimer_request_poll
 .text.process_thread_etimer_process
                0x0000000000205528       0xac obj_zoul/etimer.o
 .text.add_timer
                0x00000000002055d4       0x40 obj_zoul/etimer.o
 .text.etimer_pending
                0x0000000000205614       0x10 obj_zoul/etimer.o
                0x0000000000205614                etimer_pending
 .text.etimer_stop
                0x0000000000205624       0x34 obj_zoul/etimer.o
                0x0000000000205624                etimer_stop
 .text.call_process.part.0
                0x0000000000205658       0x38 obj_zoul/process.o
 .text.exit_process
                0x0000000000205690       0x80 obj_zoul/process.o
 .text.do_poll  0x0000000000205710       0x34 obj_zoul/process.o
 .text.process_alloc_event
                0x0000000000205744       0x10 obj_zoul/process.o
                0x0000000000205744                process_alloc_event
 .text.process_init
                0x0000000000205754       0x30 obj_zoul/process.o
                0x0000000000205754                process_init
 .text.process_run
                0x0000000000205784       0x84 obj_zoul/process.o
                0x0000000000205784                process_run
 .text.process_nevents
                0x0000000000205808       0x14 obj_zoul/process.o
                0x0000000000205808                process_nevents
 .text.process_post
                0x000000000020581c       0x3c obj_zoul/process.o
                0x000000000020581c                process_post
 .text.process_post_synch
                0x0000000000205858       0x14 obj_zoul/process.o
                0x0000000000205858                process_post_synch
 .text.process_start
                0x000000000020586c       0x30 obj_zoul/process.o
                0x000000000020586c                process_start
 .text.process_poll
                0x000000000020589c       0x18 obj_zoul/process.o
                0x000000000020589c                process_poll
 .text.rtimer_set
                0x00000000002058b4       0x24 obj_zoul/rtimer.o
                0x00000000002058b4                rtimer_set
 .text.rtimer_run_next
                0x00000000002058d8       0x28 obj_zoul/rtimer.o
                0x00000000002058d8                rtimer_run_next
 .text.stimer_expired
                0x0000000000205900       0x20 obj_zoul/stimer.o
                0x0000000000205900                stimer_expired
 .text.process_thread_serial_line_process
                0x0000000000205920       0x9c obj_zoul/serial-line.o
 .text.serial_line_input_byte
                0x00000000002059bc       0x44 obj_zoul/serial-line.o
                0x00000000002059bc                serial_line_input_byte
 .text.serial_line_init
                0x0000000000205a00       0x24 obj_zoul/serial-line.o
                0x0000000000205a00                serial_line_init
 .text.random_rand
                0x0000000000205a24       0x20 obj_zoul/random.o
                0x0000000000205a24                random_rand
 .text.random_init
                0x0000000000205a44       0x7c obj_zoul/random.o
                0x0000000000205a44                random_init
 .text.process_thread_sensors_process
                0x0000000000205ac0       0xdc obj_zoul/sensors.o
 .text.sensors_changed
                0x0000000000205b9c       0x3c obj_zoul/sensors.o
                0x0000000000205b9c                sensors_changed
 .text.clear_fragments
                0x0000000000205bd8       0x3c obj_zoul/sicslowpan.o
 .text.sicslowpan_init
                0x0000000000205c14       0x24 obj_zoul/sicslowpan.o
                0x0000000000205c14                sicslowpan_init
 .text.compress_addr_64
                0x0000000000205c38       0x90 obj_zoul/sicslowpan.o
 .text.set_packet_attrs
                0x0000000000205cc8       0x40 obj_zoul/sicslowpan.o
 .text.addr_context_lookup_by_prefix
                0x0000000000205d08       0x28 obj_zoul/sicslowpan.o
 .text.send_packet
                0x0000000000205d30       0x24 obj_zoul/sicslowpan.o
 .text.packet_sent
                0x0000000000205d54       0x28 obj_zoul/sicslowpan.o
 .text.store_fragment
                0x0000000000205d7c       0x58 obj_zoul/sicslowpan.o
 .text.uncompress_addr
                0x0000000000205dd4       0x94 obj_zoul/sicslowpan.o
 .text.output   0x0000000000205e68      0x698 obj_zoul/sicslowpan.o
 .text.add_fragment
                0x0000000000206500      0x11c obj_zoul/sicslowpan.o
 .text.input    0x000000000020661c      0x590 obj_zoul/sicslowpan.o
 .text.uip_ds6_nbr_rm
                0x0000000000206bac       0x20 obj_zoul/uip-ds6-nbr.o
                0x0000000000206bac                uip_ds6_nbr_rm
 .text.uip_ds6_neighbors_init
                0x0000000000206bcc       0x1c obj_zoul/uip-ds6-nbr.o
                0x0000000000206bcc                uip_ds6_neighbors_init
 .text.uip_ds6_nbr_add
                0x0000000000206be8       0x3c obj_zoul/uip-ds6-nbr.o
                0x0000000000206be8                uip_ds6_nbr_add
 .text.uip_ds6_nbr_get_ll
                0x0000000000206c24       0x10 obj_zoul/uip-ds6-nbr.o
                0x0000000000206c24                uip_ds6_nbr_get_ll
 .text.uip_ds6_nbr_lookup
                0x0000000000206c34       0x38 obj_zoul/uip-ds6-nbr.o
                0x0000000000206c34                uip_ds6_nbr_lookup
 .text.uip_ds6_nbr_ll_lookup
                0x0000000000206c6c       0x10 obj_zoul/uip-ds6-nbr.o
                0x0000000000206c6c                uip_ds6_nbr_ll_lookup
 .text.uip_ds6_link_neighbor_callback
                0x0000000000206c7c       0x34 obj_zoul/uip-ds6-nbr.o
                0x0000000000206c7c                uip_ds6_link_neighbor_callback
 .text.call_route_callback
                0x0000000000206cb0       0x50 obj_zoul/uip-ds6-route.o
 .text.uip_ds6_route_init
                0x0000000000206d00       0x4c obj_zoul/uip-ds6-route.o
                0x0000000000206d00                uip_ds6_route_init
 .text.uip_ds6_route_nexthop
                0x0000000000206d4c       0x1c obj_zoul/uip-ds6-route.o
                0x0000000000206d4c                uip_ds6_route_nexthop
 .text.uip_ds6_route_head
                0x0000000000206d68        0xc obj_zoul/uip-ds6-route.o
                0x0000000000206d68                uip_ds6_route_head
 .text.uip_ds6_route_is_nexthop
                0x0000000000206d74       0x20 obj_zoul/uip-ds6-route.o
                0x0000000000206d74                uip_ds6_route_is_nexthop
 .text.uip_ds6_route_lookup
                0x0000000000206d94       0x64 obj_zoul/uip-ds6-route.o
                0x0000000000206d94                uip_ds6_route_lookup
 .text.uip_ds6_route_rm
                0x0000000000206df8       0x9c obj_zoul/uip-ds6-route.o
                0x0000000000206df8                uip_ds6_route_rm
 .text.rm_routelist
                0x0000000000206e94       0x30 obj_zoul/uip-ds6-route.o
 .text.uip_ds6_route_add
                0x0000000000206ec4      0x100 obj_zoul/uip-ds6-route.o
                0x0000000000206ec4                uip_ds6_route_add
 .text.uip_ds6_defrt_rm
                0x0000000000206fc4       0x44 obj_zoul/uip-ds6-route.o
                0x0000000000206fc4                uip_ds6_defrt_rm
 .text.uip_ds6_defrt_lookup
                0x0000000000207008       0x2c obj_zoul/uip-ds6-route.o
                0x0000000000207008                uip_ds6_defrt_lookup
 .text.uip_ds6_defrt_add
                0x0000000000207034       0x64 obj_zoul/uip-ds6-route.o
                0x0000000000207034                uip_ds6_defrt_add
 .text.uip_ds6_defrt_choose
                0x0000000000207098       0x30 obj_zoul/uip-ds6-route.o
                0x0000000000207098                uip_ds6_defrt_choose
 .text.uip_ds6_defrt_periodic
                0x00000000002070c8       0x30 obj_zoul/uip-ds6-route.o
                0x00000000002070c8                uip_ds6_defrt_periodic
 .text.uip_ds6_prefix_add
                0x00000000002070f8       0x64 obj_zoul/uip-ds6.o
                0x00000000002070f8                uip_ds6_prefix_add
 .text.uip_ds6_is_addr_onlink
                0x000000000020715c       0x3c obj_zoul/uip-ds6.o
                0x000000000020715c                uip_ds6_is_addr_onlink
 .text.uip_ds6_addr_lookup
                0x0000000000207198       0x2c obj_zoul/uip-ds6.o
                0x0000000000207198                uip_ds6_addr_lookup
 .text.uip_ds6_get_link_local
                0x00000000002071c4       0x40 obj_zoul/uip-ds6.o
                0x00000000002071c4                uip_ds6_get_link_local
 .text.uip_ds6_maddr_add
                0x0000000000207204       0x4c obj_zoul/uip-ds6.o
                0x0000000000207204                uip_ds6_maddr_add
 .text.uip_ds6_addr_add
                0x0000000000207250       0x94 obj_zoul/uip-ds6.o
                0x0000000000207250                uip_ds6_addr_add
 .text.uip_ds6_maddr_lookup
                0x00000000002072e4       0x2c obj_zoul/uip-ds6.o
                0x00000000002072e4                uip_ds6_maddr_lookup
 .text.uip_ds6_addr_rm
                0x0000000000207310       0x44 obj_zoul/uip-ds6.o
                0x0000000000207310                uip_ds6_addr_rm
 .text.uip_ds6_periodic
                0x0000000000207354       0x4c obj_zoul/uip-ds6.o
                0x0000000000207354                uip_ds6_periodic
 .text.uip_ds6_select_src
                0x00000000002073a0       0x94 obj_zoul/uip-ds6.o
                0x00000000002073a0                uip_ds6_select_src
 .text.uip_ds6_compute_reachable_time
                0x0000000000207434       0x2c obj_zoul/uip-ds6.o
                0x0000000000207434                uip_ds6_compute_reachable_time
 .text.uip_ds6_init
                0x0000000000207460       0xe0 obj_zoul/uip-ds6.o
                0x0000000000207460                uip_ds6_init
 .text.echo_reply_input
                0x0000000000207540       0xa0 obj_zoul/uip-icmp6.o
 .text.echo_request_input
                0x00000000002075e0       0xcc obj_zoul/uip-icmp6.o
 .text.uip_icmp6_input
                0x00000000002076ac       0x38 obj_zoul/uip-icmp6.o
                0x00000000002076ac                uip_icmp6_input
 .text.uip_icmp6_register_input_handler
                0x00000000002076e4        0xc obj_zoul/uip-icmp6.o
                0x00000000002076e4                uip_icmp6_register_input_handler
 .text.uip_icmp6_error_output
                0x00000000002076f0      0x140 obj_zoul/uip-icmp6.o
                0x00000000002076f0                uip_icmp6_error_output
 .text.uip_icmp6_send
                0x0000000000207830       0x8c obj_zoul/uip-icmp6.o
                0x0000000000207830                uip_icmp6_send
 .text.uip_icmp6_init
                0x00000000002078bc       0x1c obj_zoul/uip-icmp6.o
                0x00000000002078bc                uip_icmp6_init
 .text.upper_layer_chksum
                0x00000000002078d8       0x54 obj_zoul/uip6.o
 .text.ext_hdr_options_process
                0x000000000020792c       0xc0 obj_zoul/uip6.o
 .text.uip_init
                0x00000000002079ec       0x34 obj_zoul/uip6.o
                0x00000000002079ec                uip_init
 .text.remove_ext_hdr
                0x0000000000207a20       0x50 obj_zoul/uip6.o
                0x0000000000207a20                remove_ext_hdr
 .text.uip_udp_new
                0x0000000000207a70       0x8c obj_zoul/uip6.o
                0x0000000000207a70                uip_udp_new
 .text.uip_process
                0x0000000000207afc      0x470 obj_zoul/uip6.o
                0x0000000000207afc                uip_process
 .text.tcpip_output
                0x0000000000207f6c       0x10 obj_zoul/tcpip.o
                0x0000000000207f6c                tcpip_output
 .text.tcpip_set_outputfunc
                0x0000000000207f7c        0xc obj_zoul/tcpip.o
                0x0000000000207f7c                tcpip_set_outputfunc
 .text.udp_new  0x0000000000207f88       0x18 obj_zoul/tcpip.o
                0x0000000000207f88                udp_new
 .text.tcpip_icmp6_call
                0x0000000000207fa0       0x28 obj_zoul/tcpip.o
                0x0000000000207fa0                tcpip_icmp6_call
 .text.tcpip_input
                0x0000000000207fc8       0x24 obj_zoul/tcpip.o
                0x0000000000207fc8                tcpip_input
 .text.tcpip_ipv6_output
                0x0000000000207fec       0xb0 obj_zoul/tcpip.o
                0x0000000000207fec                tcpip_ipv6_output
 .text.process_thread_tcpip_process
                0x000000000020809c       0xd8 obj_zoul/tcpip.o
 .text.tcpip_uipcall
                0x0000000000208174       0x2c obj_zoul/tcpip.o
                0x0000000000208174                tcpip_uipcall
 .text.uip_debug_ipaddr_print
                0x00000000002081a0       0xa0 obj_zoul/uip-debug.o
                0x00000000002081a0                uip_debug_ipaddr_print
 .text.uip_udp_packet_send
                0x0000000000208240       0x34 obj_zoul/uip-udp-packet.o
                0x0000000000208240                uip_udp_packet_send
 .text.rpl_set_preferred_parent
                0x0000000000208274       0x28 obj_zoul/rpl-dag.o
 .text.set_ip_from_prefix
                0x000000000020829c       0x2c obj_zoul/rpl-dag.o
 .text.find_parent_any_dag_any_instance
                0x00000000002082c8       0x1c obj_zoul/rpl-dag.o
 .text.rpl_dag_init
                0x00000000002082e4       0x14 obj_zoul/rpl-dag.o
                0x00000000002082e4                rpl_dag_init
 .text.rpl_get_parent
                0x00000000002082f8       0x10 obj_zoul/rpl-dag.o
                0x00000000002082f8                rpl_get_parent
 .text.rpl_get_parent_lladdr
                0x0000000000208308       0x10 obj_zoul/rpl-dag.o
                0x0000000000208308                rpl_get_parent_lladdr
 .text.best_parent
                0x0000000000208318       0x74 obj_zoul/rpl-dag.o
 .text.rpl_alloc_instance
                0x000000000020838c       0x34 obj_zoul/rpl-dag.o
                0x000000000020838c                rpl_alloc_instance
 .text.rpl_add_parent
                0x00000000002083c0       0x30 obj_zoul/rpl-dag.o
                0x00000000002083c0                rpl_add_parent
 .text.rpl_remove_parent
                0x00000000002083f0       0x1c obj_zoul/rpl-dag.o
                0x00000000002083f0                rpl_remove_parent
 .text.remove_parents.constprop.7
                0x000000000020840c       0x2c obj_zoul/rpl-dag.o
 .text.rpl_get_any_dag
                0x0000000000208438       0x18 obj_zoul/rpl-dag.o
                0x0000000000208438                rpl_get_any_dag
 .text.rpl_get_instance
                0x0000000000208450       0x20 obj_zoul/rpl-dag.o
                0x0000000000208450                rpl_get_instance
 .text.rpl_find_of
                0x0000000000208470       0x14 obj_zoul/rpl-dag.o
                0x0000000000208470                rpl_find_of
 .text.rpl_join_instance
                0x0000000000208484      0x13c obj_zoul/rpl-dag.o
                0x0000000000208484                rpl_join_instance
 .text.rpl_local_repair
                0x00000000002085c0       0x68 obj_zoul/rpl-dag.o
                0x00000000002085c0                rpl_local_repair
 .text.rpl_recalculate_ranks
                0x0000000000208628       0x3c obj_zoul/rpl-dag.o
                0x0000000000208628                rpl_recalculate_ranks
 .text.update_hbh_header
                0x0000000000208664       0xc8 obj_zoul/rpl-ext-header.o
 .text.insert_hbh_header
                0x000000000020872c       0xa4 obj_zoul/rpl-ext-header.o
 .text.rpl_verify_hbh_header
                0x00000000002087d0      0x104 obj_zoul/rpl-ext-header.o
                0x00000000002087d0                rpl_verify_hbh_header
 .text.rpl_remove_header
                0x00000000002088d4       0x7c obj_zoul/rpl-ext-header.o
                0x00000000002088d4                rpl_remove_header
 .text.rpl_update_header
                0x0000000000208950       0x64 obj_zoul/rpl-ext-header.o
                0x0000000000208950                rpl_update_header
 .text.dao_ack_input
                0x00000000002089b4       0x14 obj_zoul/rpl-icmp6.o
 .text.dio_input
                0x00000000002089c8      0x254 obj_zoul/rpl-icmp6.o
 .text.dao_input
                0x0000000000208c1c      0x270 obj_zoul/rpl-icmp6.o
 .text.dis_output
                0x0000000000208e8c       0x54 obj_zoul/rpl-icmp6.o
                0x0000000000208e8c                dis_output
 .text.dio_output
                0x0000000000208ee0      0x210 obj_zoul/rpl-icmp6.o
                0x0000000000208ee0                dio_output
 .text.dis_input
                0x00000000002090f0       0x50 obj_zoul/rpl-icmp6.o
 .text.dao_output_target
                0x0000000000209140       0xdc obj_zoul/rpl-icmp6.o
                0x0000000000209140                dao_output_target
 .text.dao_output
                0x000000000020921c       0x90 obj_zoul/rpl-icmp6.o
                0x000000000020921c                dao_output
 .text.rpl_icmp6_register_handlers
                0x00000000002092ac       0x30 obj_zoul/rpl-icmp6.o
                0x00000000002092ac                rpl_icmp6_register_handlers
 .text.update_nbr
                0x00000000002092dc       0xf4 obj_zoul/rpl-nbr-policy.o
 .text.handle_periodic_timer
                0x00000000002093d0       0x14 obj_zoul/rpl-nbr-policy.o
 .text.find_removable_dis
                0x00000000002093e4       0x20 obj_zoul/rpl-nbr-policy.o
                0x00000000002093e4                find_removable_dis
 .text.find_removable_dio
                0x0000000000209404       0x40 obj_zoul/rpl-nbr-policy.o
                0x0000000000209404                find_removable_dio
 .text.find_removable_dao
                0x0000000000209444       0x38 obj_zoul/rpl-nbr-policy.o
                0x0000000000209444                find_removable_dao
 .text.rpl_nbr_policy_find_removable
                0x000000000020947c       0x28 obj_zoul/rpl-nbr-policy.o
                0x000000000020947c                rpl_nbr_policy_find_removable
 .text.new_dio_interval
                0x00000000002094a4       0x58 obj_zoul/rpl-timers.o
 .text.handle_periodic_timer
                0x00000000002094fc       0x4c obj_zoul/rpl-timers.o
 .text.set_dao_lifetime_timer
                0x0000000000209548       0x4c obj_zoul/rpl-timers.o
 .text.handle_dio_timer
                0x0000000000209594       0x80 obj_zoul/rpl-timers.o
 .text.schedule_dao
                0x0000000000209614       0x54 obj_zoul/rpl-timers.o
 .text.handle_dao_timer
                0x0000000000209668       0x58 obj_zoul/rpl-timers.o
 .text.rpl_reset_periodic_timer
                0x00000000002096c0       0x34 obj_zoul/rpl-timers.o
                0x00000000002096c0                rpl_reset_periodic_timer
 .text.rpl_schedule_unicast_dio_immediately
                0x00000000002096f4       0x10 obj_zoul/rpl-timers.o
                0x00000000002096f4                rpl_schedule_unicast_dio_immediately
 .text.get_probing_target
                0x0000000000209704       0xd4 obj_zoul/rpl-timers.o
                0x0000000000209704                get_probing_target
 .text.rpl_schedule_probing
                0x00000000002097d8       0x20 obj_zoul/rpl-timers.o
                0x00000000002097d8                rpl_schedule_probing
 .text.rpl_get_mode
                0x00000000002097f8        0xc obj_zoul/rpl.o
                0x00000000002097f8                rpl_get_mode
 .text.rpl_purge_routes
                0x0000000000209804       0x68 obj_zoul/rpl.o
                0x0000000000209804                rpl_purge_routes
 .text.rpl_link_neighbor_callback
                0x000000000020986c       0x54 obj_zoul/rpl.o
                0x000000000020986c                rpl_link_neighbor_callback
 .text.rpl_ipv6_neighbor_callback
                0x00000000002098c0       0x28 obj_zoul/rpl.o
                0x00000000002098c0                rpl_ipv6_neighbor_callback
 .text.rpl_purge_dags
                0x00000000002098e8       0x28 obj_zoul/rpl.o
                0x00000000002098e8                rpl_purge_dags
 .text.rpl_init
                0x0000000000209910       0x4c obj_zoul/rpl.o
                0x0000000000209910                rpl_init
 .text.periodic
                0x000000000020995c       0x2c obj_zoul/link-stats.o
 .text.link_stats_from_lladdr
                0x0000000000209988        0xc obj_zoul/link-stats.o
                0x0000000000209988                link_stats_from_lladdr
 .text.link_stats_packet_sent
                0x0000000000209994       0x78 obj_zoul/link-stats.o
                0x0000000000209994                link_stats_packet_sent
 .text.link_stats_input_callback
                0x0000000000209a0c       0x4c obj_zoul/link-stats.o
                0x0000000000209a0c                link_stats_input_callback
 .text.link_stats_init
                0x0000000000209a58       0x28 obj_zoul/link-stats.o
                0x0000000000209a58                link_stats_init
 .text.key_from_index
                0x0000000000209a80       0x18 obj_zoul/nbr-table.o
 .text.index_from_key
                0x0000000000209a98       0x20 obj_zoul/nbr-table.o
 .text.index_from_lladdr
                0x0000000000209ab8       0x40 obj_zoul/nbr-table.o
 .text.nbr_get_bit.constprop.0
                0x0000000000209af8       0x2c obj_zoul/nbr-table.o
 .text.remove_key
                0x0000000000209b24       0x60 obj_zoul/nbr-table.o
 .text.nbr_table_register
                0x0000000000209b84       0x28 obj_zoul/nbr-table.o
                0x0000000000209b84                nbr_table_register
 .text.nbr_table_head
                0x0000000000209bac       0x38 obj_zoul/nbr-table.o
                0x0000000000209bac                nbr_table_head
 .text.nbr_table_add_lladdr
                0x0000000000209be4      0x108 obj_zoul/nbr-table.o
                0x0000000000209be4                nbr_table_add_lladdr
 .text.nbr_table_remove
                0x0000000000209cec       0x2c obj_zoul/nbr-table.o
                0x0000000000209cec                nbr_table_remove
 .text.nbr_table_lock
                0x0000000000209d18       0x10 obj_zoul/nbr-table.o
                0x0000000000209d18                nbr_table_lock
 .text.nbr_table_unlock
                0x0000000000209d28       0x10 obj_zoul/nbr-table.o
                0x0000000000209d28                nbr_table_unlock
 .text.netstack_init
                0x0000000000209d38       0x38 obj_zoul/netstack.o
                0x0000000000209d38                netstack_init
 .text.packetbuf_hdrreduce
                0x0000000000209d70       0x28 obj_zoul/packetbuf.o
                0x0000000000209d70                packetbuf_hdrreduce
 .text.packetbuf_set_datalen
                0x0000000000209d98        0xc obj_zoul/packetbuf.o
                0x0000000000209d98                packetbuf_set_datalen
 .text.packetbuf_hdrptr
                0x0000000000209da4        0x8 obj_zoul/packetbuf.o
                0x0000000000209da4                packetbuf_hdrptr
 .text.packetbuf_datalen
                0x0000000000209dac        0xc obj_zoul/packetbuf.o
                0x0000000000209dac                packetbuf_datalen
 .text.packetbuf_hdrlen
                0x0000000000209db8       0x18 obj_zoul/packetbuf.o
                0x0000000000209db8                packetbuf_hdrlen
 .text.packetbuf_dataptr
                0x0000000000209dd0       0x10 obj_zoul/packetbuf.o
                0x0000000000209dd0                packetbuf_dataptr
 .text.packetbuf_copyto
                0x0000000000209de0       0x40 obj_zoul/packetbuf.o
                0x0000000000209de0                packetbuf_copyto
 .text.packetbuf_totlen
                0x0000000000209e20       0x14 obj_zoul/packetbuf.o
                0x0000000000209e20                packetbuf_totlen
 .text.packetbuf_hdralloc
                0x0000000000209e34       0x3c obj_zoul/packetbuf.o
                0x0000000000209e34                packetbuf_hdralloc
 .text.packetbuf_attr_clear
                0x0000000000209e70       0x34 obj_zoul/packetbuf.o
                0x0000000000209e70                packetbuf_attr_clear
 .text.packetbuf_clear
                0x0000000000209ea4       0x20 obj_zoul/packetbuf.o
                0x0000000000209ea4                packetbuf_clear
 .text.packetbuf_copyfrom
                0x0000000000209ec4       0x2c obj_zoul/packetbuf.o
                0x0000000000209ec4                packetbuf_copyfrom
 .text.packetbuf_attr_copyto
                0x0000000000209ef0       0x34 obj_zoul/packetbuf.o
                0x0000000000209ef0                packetbuf_attr_copyto
 .text.packetbuf_attr_copyfrom
                0x0000000000209f24       0x34 obj_zoul/packetbuf.o
                0x0000000000209f24                packetbuf_attr_copyfrom
 .text.packetbuf_set_attr
                0x0000000000209f58       0x10 obj_zoul/packetbuf.o
                0x0000000000209f58                packetbuf_set_attr
 .text.packetbuf_attr
                0x0000000000209f68        0xc obj_zoul/packetbuf.o
                0x0000000000209f68                packetbuf_attr
 .text.packetbuf_set_addr
                0x0000000000209f74       0x18 obj_zoul/packetbuf.o
                0x0000000000209f74                packetbuf_set_addr
 .text.packetbuf_addr
                0x0000000000209f8c       0x10 obj_zoul/packetbuf.o
                0x0000000000209f8c                packetbuf_addr
 .text.packetbuf_holds_broadcast
                0x0000000000209f9c       0x10 obj_zoul/packetbuf.o
                0x0000000000209f9c                packetbuf_holds_broadcast
 .text.queuebuf_init
                0x0000000000209fac       0x1c obj_zoul/queuebuf.o
                0x0000000000209fac                queuebuf_init
 .text.queuebuf_numfree
                0x0000000000209fc8        0xc obj_zoul/queuebuf.o
                0x0000000000209fc8                queuebuf_numfree
 .text.queuebuf_new_from_packetbuf
                0x0000000000209fd4       0x44 obj_zoul/queuebuf.o
                0x0000000000209fd4                queuebuf_new_from_packetbuf
 .text.queuebuf_free
                0x000000000020a018       0x2c obj_zoul/queuebuf.o
                0x000000000020a018                queuebuf_free
 .text.queuebuf_to_packetbuf
                0x000000000020a044       0x30 obj_zoul/queuebuf.o
                0x000000000020a044                queuebuf_to_packetbuf
 .text.input_packet
                0x000000000020a074        0xc obj_zoul/csma.o
 .text.on       0x000000000020a080        0xc obj_zoul/csma.o
 .text.off      0x000000000020a08c        0xc obj_zoul/csma.o
 .text.channel_check_interval
                0x000000000020a098       0x10 obj_zoul/csma.o
 .text.transmit_packet_list
                0x000000000020a0a8       0x30 obj_zoul/csma.o
 .text.schedule_transmission
                0x000000000020a0d8       0x4c obj_zoul/csma.o
 .text.send_packet
                0x000000000020a124      0x138 obj_zoul/csma.o
 .text.init     0x000000000020a25c       0x24 obj_zoul/csma.o
 .text.tx_done  0x000000000020a280       0x80 obj_zoul/csma.o
 .text.frame802154_get_pan_id
                0x000000000020a300        0xc obj_zoul/frame802154.o
                0x000000000020a300                frame802154_get_pan_id
 .text.frame802154_parse
                0x000000000020a30c      0x16c obj_zoul/frame802154.o
                0x000000000020a30c                frame802154_parse
 .text.create_frame.isra.0
                0x000000000020a478      0x128 obj_zoul/framer-802154.o
 .text.mac_sequence_is_duplicate
                0x000000000020a5a0       0x4c obj_zoul/mac-sequence.o
                0x000000000020a5a0                mac_sequence_is_duplicate
 .text.mac_sequence_register_seqno
                0x000000000020a5ec       0x68 obj_zoul/mac-sequence.o
                0x000000000020a5ec                mac_sequence_register_seqno
 .text.init     0x000000000020a654       0x40 obj_zoul/contikimac.o
 .text.on       0x000000000020a694       0x2c obj_zoul/contikimac.o
 .text.off      0x000000000020a6c0       0x38 obj_zoul/contikimac.o
 .text.recv_burst_off
                0x000000000020a6f8       0x14 obj_zoul/contikimac.o
 .text.powercycle_turn_radio_off
                0x000000000020a70c       0x1c obj_zoul/contikimac.o
 .text.turn_off
                0x000000000020a728       0x38 obj_zoul/contikimac.o
 .text.turn_on  0x000000000020a760       0x40 obj_zoul/contikimac.o
 .text.schedule_powercycle_fixed
                0x000000000020a7a0       0x34 obj_zoul/contikimac.o
 .text.input_packet
                0x000000000020a7d4       0xa8 obj_zoul/contikimac.o
 .text.send_packet.isra.8
                0x000000000020a87c      0x1f4 obj_zoul/contikimac.o
 .text.qsend_list
                0x000000000020aa70       0xc4 obj_zoul/contikimac.o
 .text.powercycle_wrapper
                0x000000000020ab34      0x1fc obj_zoul/contikimac.o
 .text.input    0x000000000020ad30        0xc obj_zoul/nullsec.o
 .text.send     0x000000000020ad3c       0x20 obj_zoul/nullsec.o
 .text.pending_packet
                0x000000000020ad5c       0x14 obj_zoul/cc1200.o
 .text.get_value
                0x000000000020ad70       0x94 obj_zoul/cc1200.o
 .text.update_txpower
                0x000000000020ae04       0x28 obj_zoul/cc1200.o
 .text.rx_rx    0x000000000020ae2c       0xbc obj_zoul/cc1200.o
 .text.calibrate
                0x000000000020aee8       0x9c obj_zoul/cc1200.o
 .text.idle_calibrate_rx
                0x000000000020af84       0x70 obj_zoul/cc1200.o
 .text.idle     0x000000000020aff4       0x70 obj_zoul/cc1200.o
 .text.off      0x000000000020b064       0x48 obj_zoul/cc1200.o
 .text.on       0x000000000020b0ac       0x84 obj_zoul/cc1200.o
 .text.receiving_packet
                0x000000000020b130       0x30 obj_zoul/cc1200.o
 .text.set_channel
                0x000000000020b160      0x104 obj_zoul/cc1200.o
 .text.set_value
                0x000000000020b264       0x90 obj_zoul/cc1200.o
 .text.channel_clear
                0x000000000020b2f4       0xc0 obj_zoul/cc1200.o
 .text.prepare  0x000000000020b3b4       0x30 obj_zoul/cc1200.o
 .text.read     0x000000000020b3e4       0x60 obj_zoul/cc1200.o
 .text.idle_tx_rx
                0x000000000020b444      0x124 obj_zoul/cc1200.o
 .text.transmit
                0x000000000020b568      0x120 obj_zoul/cc1200.o
 .text.init     0x000000000020b688      0x160 obj_zoul/cc1200.o
 .text.cc1200_rx_interrupt
                0x000000000020b7e8      0x250 obj_zoul/cc1200.o
                0x000000000020b7e8                cc1200_rx_interrupt
 .text.process_thread_cc1200_process
                0x000000000020ba38       0x84 obj_zoul/cc1200.o
 .text.process_thread_er_client
                0x000000000020babc      0x28c client.co
 .text.status   0x000000000020bd48       0x14 obj_zoul/am2315.o
 .text.configure
                0x000000000020bd5c       0x40 obj_zoul/am2315.o
 .text.value    0x000000000020bd9c       0x88 obj_zoul/am2315.o
 .text.status   0x000000000020be24       0x14 obj_zoul/fc2231.o
 .text.value    0x000000000020be38      0x13c obj_zoul/fc2231.o
 .text.configure
                0x000000000020bf74       0x90 obj_zoul/fc2231.o
 .text          0x000000000020c004       0x30 /usr/local/Cellar/gcc-arm-none-eabi-54/20160926/bin/../lib/gcc/arm-none-eabi/5.4.1/armv7-m/libgcc.a(_aeabi_uldivmod.o)
                0x000000000020c004                __aeabi_uldivmod
 .text          0x000000000020c034      0x2ec /usr/local/Cellar/gcc-arm-none-eabi-54/20160926/bin/../lib/gcc/arm-none-eabi/5.4.1/armv7-m/libgcc.a(_udivmoddi4.o)
                0x000000000020c034                __udivmoddi4
 .text          0x000000000020c320        0x4 /usr/local/Cellar/gcc-arm-none-eabi-54/20160926/bin/../lib/gcc/arm-none-eabi/5.4.1/armv7-m/libgcc.a(_dvmd_tls.o)
                0x000000000020c320                __aeabi_ldiv0
                0x000000000020c320                __aeabi_idiv0
 .text.memcmp   0x000000000020c324       0x64 /usr/local/Cellar/gcc-arm-none-eabi-54/20160926/bin/../lib/gcc/arm-none-eabi/5.4.1/../../../../arm-none-eabi/lib/armv7-m/libc.a(lib_a-memcmp.o)
                0x000000000020c324                memcmp
 .text          0x000000000020c388       0xec /usr/local/Cellar/gcc-arm-none-eabi-54/20160926/bin/../lib/gcc/arm-none-eabi/5.4.1/../../../../arm-none-eabi/lib/armv7-m/libc.a(lib_a-memcpy.o)
                0x000000000020c388                memcpy
 .text.memmove  0x000000000020c474       0xc8 /usr/local/Cellar/gcc-arm-none-eabi-54/20160926/bin/../lib/gcc/arm-none-eabi/5.4.1/../../../../arm-none-eabi/lib/armv7-m/libc.a(lib_a-memmove.o)
                0x000000000020c474                memmove
 .text.memset   0x000000000020c53c       0x9c /usr/local/Cellar/gcc-arm-none-eabi-54/20160926/bin/../lib/gcc/arm-none-eabi/5.4.1/../../../../arm-none-eabi/lib/armv7-m/libc.a(lib_a-memset.o)
                0x000000000020c53c                memset
 .text.strlen   0x000000000020c5d8       0x5c /usr/local/Cellar/gcc-arm-none-eabi-54/20160926/bin/../lib/gcc/arm-none-eabi/5.4.1/../../../../arm-none-eabi/lib/armv7-m/libc.a(lib_a-strlen-stub.o)
                0x000000000020c5d8                strlen
 .text.default_handler
                0x000000000020c634        0x2 obj_zoul/startup-gcc.o
                0x000000000020c634                default_handler
 .text.nmi_handler
                0x000000000020c636        0x6 obj_zoul/startup-gcc.o
                0x000000000020c636                nmi_handler
 .text.coap_parse_int_option
                0x000000000020c63c       0x16 obj_zoul/er-coap.o
 .text.coap_merge_multi_option
                0x000000000020c652       0x32 obj_zoul/er-coap.o
 .text.coap_set_option_header
                0x000000000020c684       0x76 obj_zoul/er-coap.o
 .text.coap_serialize_int_option
                0x000000000020c6fa       0x62 obj_zoul/er-coap.o
 .text.coap_serialize_array_option.part.0
                0x000000000020c75c       0x20 obj_zoul/er-coap.o
 .text.coap_serialize_array_option
                0x000000000020c77c       0x7a obj_zoul/er-coap.o
 .text.coap_init_message
                0x000000000020c7f6       0x1a obj_zoul/er-coap.o
                0x000000000020c7f6                coap_init_message
 .text.coap_set_status_code
                0x000000000020c810        0xc obj_zoul/er-coap.o
                0x000000000020c810                coap_set_status_code
 .text.coap_set_token
                0x000000000020c81c       0x16 obj_zoul/er-coap.o
                0x000000000020c81c                coap_set_token
 .text.coap_set_header_content_format
                0x000000000020c832        0xe obj_zoul/er-coap.o
                0x000000000020c832                coap_set_header_content_format
 .text.coap_set_header_uri_path
                0x000000000020c840       0x20 obj_zoul/er-coap.o
                0x000000000020c840                coap_set_header_uri_path
 .text.coap_get_header_observe
                0x000000000020c860       0x18 obj_zoul/er-coap.o
                0x000000000020c860                coap_get_header_observe
 .text.coap_get_header_block2
                0x000000000020c878       0x32 obj_zoul/er-coap.o
                0x000000000020c878                coap_get_header_block2
 .text.coap_set_header_block2
                0x000000000020c8aa       0x32 obj_zoul/er-coap.o
                0x000000000020c8aa                coap_set_header_block2
 .text.coap_set_payload
                0x000000000020c8dc       0x12 obj_zoul/er-coap.o
                0x000000000020c8dc                coap_set_payload
 .text.fade     0x000000000020c8ee       0x58 obj_zoul/contiki-main.o
 .text.cc1200_int_handler
                0x000000000020c946        0x4 obj_zoul/cc1200-zoul-arch.o
                0x000000000020c946                cc1200_int_handler
 .text.status   0x000000000020c94a        0x4 obj_zoul/adc-zoul.o
 .text.board_init
                0x000000000020c94e        0x4 obj_zoul/board.o
                0x000000000020c94e                board_init
 .text.clock_delay
                0x000000000020c952        0x6 obj_zoul/clock.o
                0x000000000020c952                clock_delay
 .text.clock_isr
                0x000000000020c958        0x4 obj_zoul/clock.o
                0x000000000020c958                clock_isr
 .text.rtimer_arch_init
                0x000000000020c95c        0x2 obj_zoul/rtimer-arch.o
                0x000000000020c95c                rtimer_arch_init
 .text.uart0_isr
                0x000000000020c95e        0x6 obj_zoul/uart.o
                0x000000000020c95e                uart0_isr
 .text.uart1_isr
                0x000000000020c964        0x6 obj_zoul/uart.o
                0x000000000020c964                uart1_isr
 .text.gpio_port_a_isr
                0x000000000020c96a        0x6 obj_zoul/gpio.o
                0x000000000020c96a                gpio_port_a_isr
 .text.gpio_port_b_isr
                0x000000000020c970        0x6 obj_zoul/gpio.o
                0x000000000020c970                gpio_port_b_isr
 .text.gpio_port_c_isr
                0x000000000020c976        0x6 obj_zoul/gpio.o
                0x000000000020c976                gpio_port_c_isr
 .text.gpio_port_d_isr
                0x000000000020c97c        0x6 obj_zoul/gpio.o
                0x000000000020c97c                gpio_port_d_isr
 .text.putchar  0x000000000020c982       0x10 obj_zoul/dbg.o
                0x000000000020c982                putchar
 .text.dbg_send_bytes
                0x000000000020c992       0x20 obj_zoul/dbg.o
                0x000000000020c992                dbg_send_bytes
 .text.puts     0x000000000020c9b2       0x20 obj_zoul/dbg.o
                0x000000000020c9b2                puts
 .text.configure
                0x000000000020c9d2        0x4 obj_zoul/cc2538-temp-sensor.o
 .text.status   0x000000000020c9d6        0x4 obj_zoul/cc2538-temp-sensor.o
 .text.value    0x000000000020c9da       0x34 obj_zoul/cc2538-temp-sensor.o
 .text.configure
                0x000000000020ca0e        0x4 obj_zoul/vdd3-sensor.o
 .text.status   0x000000000020ca12        0x4 obj_zoul/vdd3-sensor.o
 .text.value    0x000000000020ca16       0x2a obj_zoul/vdd3-sensor.o
 .text.write_str
                0x000000000020ca40       0x10 obj_zoul/dbg-printf.o
 .text.buffer_str
                0x000000000020ca50       0x28 obj_zoul/dbg-snprintf.o
 .text.snprintf
                0x000000000020ca78       0x1a obj_zoul/dbg-snprintf.o
                0x000000000020ca78                snprintf
 .text.autostart_start
                0x000000000020ca92       0x14 obj_zoul/autostart.o
                0x000000000020ca92                autostart_start
 .text.energest_init
                0x000000000020caa6        0x2 obj_zoul/energest.o
                0x000000000020caa6                energest_init
 .text.etimer_set
                0x000000000020caa8       0x12 obj_zoul/etimer.o
                0x000000000020caa8                etimer_set
 .text.etimer_reset
                0x000000000020caba       0x12 obj_zoul/etimer.o
                0x000000000020caba                etimer_reset
 .text.etimer_restart
                0x000000000020cacc       0x12 obj_zoul/etimer.o
                0x000000000020cacc                etimer_restart
 .text.etimer_expired
                0x000000000020cade        0xa obj_zoul/etimer.o
                0x000000000020cade                etimer_expired
 .text.etimer_expiration_time
                0x000000000020cae8        0x6 obj_zoul/etimer.o
                0x000000000020cae8                etimer_expiration_time
 .text.call_process
                0x000000000020caee        0xc obj_zoul/process.o
 .text.process_is_running
                0x000000000020cafa        0xa obj_zoul/process.o
                0x000000000020cafa                process_is_running
 .text.rtimer_init
                0x000000000020cb04        0x4 obj_zoul/rtimer.o
                0x000000000020cb04                rtimer_init
 .text.stimer_set
                0x000000000020cb08        0xe obj_zoul/stimer.o
                0x000000000020cb08                stimer_set
 .text.timer_set
                0x000000000020cb16        0xe obj_zoul/timer.o
                0x000000000020cb16                timer_set
 .text.timer_reset
                0x000000000020cb24        0xa obj_zoul/timer.o
                0x000000000020cb24                timer_reset
 .text.timer_restart
                0x000000000020cb2e        0xc obj_zoul/timer.o
                0x000000000020cb2e                timer_restart
 .text.timer_expired
                0x000000000020cb3a       0x1c obj_zoul/timer.o
                0x000000000020cb3a                timer_expired
 .text.list_init
                0x000000000020cb56        0x6 obj_zoul/list.o
                0x000000000020cb56                list_init
 .text.list_head
                0x000000000020cb5c        0x4 obj_zoul/list.o
                0x000000000020cb5c                list_head
 .text.list_tail
                0x000000000020cb60       0x10 obj_zoul/list.o
                0x000000000020cb60                list_tail
 .text.list_remove
                0x000000000020cb70       0x26 obj_zoul/list.o
                0x000000000020cb70                list_remove
 .text.list_add
                0x000000000020cb96       0x1a obj_zoul/list.o
                0x000000000020cb96                list_add
 .text.list_push
                0x000000000020cbb0       0x10 obj_zoul/list.o
                0x000000000020cbb0                list_push
 .text.list_length
                0x000000000020cbc0        0xe obj_zoul/list.o
                0x000000000020cbc0                list_length
 .text.list_item_next
                0x000000000020cbce        0x6 obj_zoul/list.o
                0x000000000020cbce                list_item_next
 .text.memb_init
                0x000000000020cbd4       0x20 obj_zoul/memb.o
                0x000000000020cbd4                memb_init
 .text.memb_alloc
                0x000000000020cbf4       0x28 obj_zoul/memb.o
                0x000000000020cbf4                memb_alloc
 .text.memb_free
                0x000000000020cc1c       0x2c obj_zoul/memb.o
                0x000000000020cc1c                memb_free
 .text.memb_inmemb
                0x000000000020cc48       0x1c obj_zoul/memb.o
                0x000000000020cc48                memb_inmemb
 .text.memb_numfree
                0x000000000020cc64       0x1c obj_zoul/memb.o
                0x000000000020cc64                memb_numfree
 .text.ringbuf_init
                0x000000000020cc80        0xe obj_zoul/ringbuf.o
                0x000000000020cc80                ringbuf_init
 .text.ringbuf_put
                0x000000000020cc8e       0x26 obj_zoul/ringbuf.o
                0x000000000020cc8e                ringbuf_put
 .text.ringbuf_get
                0x000000000020ccb4       0x20 obj_zoul/ringbuf.o
                0x000000000020ccb4                ringbuf_get
 .text.uip_ds6_nbr_ipaddr_from_lladdr
                0x000000000020ccd4        0x4 obj_zoul/uip-ds6-nbr.o
                0x000000000020ccd4                uip_ds6_nbr_ipaddr_from_lladdr
 .text.uip_ds6_nbr_lladdr_from_ipaddr
                0x000000000020ccd8       0x12 obj_zoul/uip-ds6-nbr.o
                0x000000000020ccd8                uip_ds6_nbr_lladdr_from_ipaddr
 .text.uip_ds6_route_next
                0x000000000020ccea        0x8 obj_zoul/uip-ds6-route.o
                0x000000000020ccea                uip_ds6_route_next
 .text.rm_routelist_callback
                0x000000000020ccf2        0x4 obj_zoul/uip-ds6-route.o
 .text.uip_ds6_list_loop
                0x000000000020ccf6       0x48 obj_zoul/uip-ds6.o
                0x000000000020ccf6                uip_ds6_list_loop
 .text.uip_ds6_maddr_rm
                0x000000000020cd3e        0x8 obj_zoul/uip-ds6.o
                0x000000000020cd3e                uip_ds6_maddr_rm
 .text.uip_ds6_set_addr_iid
                0x000000000020cd46       0x12 obj_zoul/uip-ds6.o
                0x000000000020cd46                uip_ds6_set_addr_iid
 .text.get_match_length
                0x000000000020cd58       0x3e obj_zoul/uip-ds6.o
                0x000000000020cd58                get_match_length
 .text.uip_nd6_init
                0x000000000020cd96        0x2 obj_zoul/uip-nd6.o
                0x000000000020cd96                uip_nd6_init
 .text.chksum   0x000000000020cd98       0x38 obj_zoul/uip6.o
 .text.uip_icmp6chksum
                0x000000000020cdd0        0x6 obj_zoul/uip6.o
                0x000000000020cdd0                uip_icmp6chksum
 .text.uip_udpchksum
                0x000000000020cdd6        0x6 obj_zoul/uip6.o
                0x000000000020cdd6                uip_udpchksum
 .text.uip_htonl
                0x000000000020cddc       0x18 obj_zoul/uip6.o
                0x000000000020cddc                uip_htonl
 .text.check_prefix
                0x000000000020cdf4       0x58 obj_zoul/rpl-dag.o
 .text.lollipop_greater_than
                0x000000000020ce4c       0x34 obj_zoul/rpl-dag.o
 .text.rpl_rank_via_parent
                0x000000000020ce80       0x1a obj_zoul/rpl-dag.o
                0x000000000020ce80                rpl_rank_via_parent
 .text.rpl_get_parent_ipaddr
                0x000000000020ce9a        0xe obj_zoul/rpl-dag.o
                0x000000000020ce9a                rpl_get_parent_ipaddr
 .text.rpl_get_parent_link_stats
                0x000000000020cea8        0xe obj_zoul/rpl-dag.o
                0x000000000020cea8                rpl_get_parent_link_stats
 .text.rpl_parent_is_fresh
                0x000000000020ceb6        0xe obj_zoul/rpl-dag.o
                0x000000000020ceb6                rpl_parent_is_fresh
 .text.rpl_parent_is_reachable
                0x000000000020cec4       0x36 obj_zoul/rpl-dag.o
                0x000000000020cec4                rpl_parent_is_reachable
 .text.rpl_set_prefix
                0x000000000020cefa       0x6c obj_zoul/rpl-dag.o
                0x000000000020cefa                rpl_set_prefix
 .text.rpl_set_default_route
                0x000000000020cf66       0x2a obj_zoul/rpl-dag.o
                0x000000000020cf66                rpl_set_default_route
 .text.rpl_find_parent
                0x000000000020cf90       0x16 obj_zoul/rpl-dag.o
                0x000000000020cf90                rpl_find_parent
 .text.rpl_find_parent_any_dag
                0x000000000020cfa6       0x1e obj_zoul/rpl-dag.o
                0x000000000020cfa6                rpl_find_parent_any_dag
 .text.rpl_select_parent
                0x000000000020cfc4       0x4a obj_zoul/rpl-dag.o
                0x000000000020cfc4                rpl_select_parent
 .text.rpl_select_dag
                0x000000000020d00e      0x15a obj_zoul/rpl-dag.o
                0x000000000020d00e                rpl_select_dag
 .text.rpl_nullify_parent
                0x000000000020d168       0x50 obj_zoul/rpl-dag.o
                0x000000000020d168                rpl_nullify_parent
 .text.nbr_callback
                0x000000000020d1b8        0x4 obj_zoul/rpl-dag.o
 .text.rpl_free_dag
                0x000000000020d1bc       0x3a obj_zoul/rpl-dag.o
                0x000000000020d1bc                rpl_free_dag
 .text.rpl_move_parent
                0x000000000020d1f6       0x50 obj_zoul/rpl-dag.o
                0x000000000020d1f6                rpl_move_parent
 .text.rpl_repair_root
                0x000000000020d246       0x48 obj_zoul/rpl-dag.o
                0x000000000020d246                rpl_repair_root
 .text.rpl_alloc_dag
                0x000000000020d28e       0x48 obj_zoul/rpl-dag.o
                0x000000000020d28e                rpl_alloc_dag
 .text.rpl_process_parent_event
                0x000000000020d2d6       0x96 obj_zoul/rpl-dag.o
                0x000000000020d2d6                rpl_process_parent_event
 .text.rpl_process_dio
                0x000000000020d36c      0x2ae obj_zoul/rpl-dag.o
                0x000000000020d36c                rpl_process_dio
 .text.get32    0x000000000020d61a       0x18 obj_zoul/rpl-icmp6.o
 .text.set32    0x000000000020d632       0x12 obj_zoul/rpl-icmp6.o
 .text.get16    0x000000000020d644        0xc obj_zoul/rpl-icmp6.o
 .text.set16    0x000000000020d650        0xa obj_zoul/rpl-icmp6.o
 .text.rpl_icmp6_update_nbr_table
                0x000000000020d65a       0x2e obj_zoul/rpl-icmp6.o
                0x000000000020d65a                rpl_icmp6_update_nbr_table
 .text.reset    0x000000000020d688        0x2 obj_zoul/rpl-mrhof.o
 .text.update_metric_container
                0x000000000020d68a        0x6 obj_zoul/rpl-mrhof.o
 .text.parent_link_metric
                0x000000000020d690       0x12 obj_zoul/rpl-mrhof.o
 .text.parent_has_usable_link
                0x000000000020d6a2       0x12 obj_zoul/rpl-mrhof.o
 .text.best_dag
                0x000000000020d6b4       0x2c obj_zoul/rpl-mrhof.o
 .text.parent_path_cost
                0x000000000020d6e0       0x34 obj_zoul/rpl-mrhof.o
 .text.parent_is_acceptable
                0x000000000020d714       0x26 obj_zoul/rpl-mrhof.o
 .text.rank_via_parent
                0x000000000020d73a       0x34 obj_zoul/rpl-mrhof.o
 .text.best_parent
                0x000000000020d76e       0x62 obj_zoul/rpl-mrhof.o
 .text.handle_unicast_dio_timer
                0x000000000020d7d0       0x1c obj_zoul/rpl-timers.o
 .text.rpl_reset_dio_timer
                0x000000000020d7ec       0x1c obj_zoul/rpl-timers.o
                0x000000000020d7ec                rpl_reset_dio_timer
 .text.rpl_schedule_dao
                0x000000000020d808        0x8 obj_zoul/rpl-timers.o
                0x000000000020d808                rpl_schedule_dao
 .text.get_probing_delay
                0x000000000020d810       0x3a obj_zoul/rpl-timers.o
                0x000000000020d810                get_probing_delay
 .text.handle_probing_timer
                0x000000000020d84a       0x32 obj_zoul/rpl-timers.o
 .text.rpl_remove_routes
                0x000000000020d87c       0x1e obj_zoul/rpl.o
                0x000000000020d87c                rpl_remove_routes
 .text.rpl_remove_routes_by_nexthop
                0x000000000020d89a       0x30 obj_zoul/rpl.o
                0x000000000020d89a                rpl_remove_routes_by_nexthop
 .text.rpl_add_route
                0x000000000020d8ca       0x2e obj_zoul/rpl.o
                0x000000000020d8ca                rpl_add_route
 .text.svcall_handler
                0x000000000020d8f8       0x1e obj_zoul/mtarch.o
                0x000000000020d8f8                svcall_handler
 .text.pendsv_handler
                0x000000000020d916       0x18 obj_zoul/mtarch.o
                0x000000000020d916                pendsv_handler
 .text.link_stats_is_fresh
                0x000000000020d92e       0x24 obj_zoul/link-stats.o
                0x000000000020d92e                link_stats_is_fresh
 .text.linkaddr_copy
                0x000000000020d952        0xa obj_zoul/linkaddr.o
                0x000000000020d952                linkaddr_copy
 .text.linkaddr_cmp
                0x000000000020d95c       0x10 obj_zoul/linkaddr.o
                0x000000000020d95c                linkaddr_cmp
 .text.item_from_index
                0x000000000020d96c       0x14 obj_zoul/nbr-table.o
 .text.index_from_item
                0x000000000020d980       0x16 obj_zoul/nbr-table.o
 .text.nbr_set_bit
                0x000000000020d996       0x38 obj_zoul/nbr-table.o
 .text.nbr_table_next
                0x000000000020d9ce       0x36 obj_zoul/nbr-table.o
                0x000000000020d9ce                nbr_table_next
 .text.nbr_table_get_from_lladdr
                0x000000000020da04       0x26 obj_zoul/nbr-table.o
                0x000000000020da04                nbr_table_get_from_lladdr
 .text.nbr_table_get_lladdr
                0x000000000020da2a       0x10 obj_zoul/nbr-table.o
                0x000000000020da2a                nbr_table_get_lladdr
 .text.queuebuf_update_attr_from_packetbuf
                0x000000000020da3a        0xc obj_zoul/queuebuf.o
                0x000000000020da3a                queuebuf_update_attr_from_packetbuf
 .text.queuebuf_update_from_packetbuf
                0x000000000020da46       0x1c obj_zoul/queuebuf.o
                0x000000000020da46                queuebuf_update_from_packetbuf
 .text.queuebuf_attr
                0x000000000020da62        0xc obj_zoul/queuebuf.o
                0x000000000020da62                queuebuf_attr
 .text.packet_sent
                0x000000000020da6e       0xd6 obj_zoul/csma.o
 .text.frame802154_has_panid
                0x000000000020db44       0xa6 obj_zoul/frame802154.o
                0x000000000020db44                frame802154_has_panid
 .text.field_len
                0x000000000020dbea       0x80 obj_zoul/frame802154.o
 .text.frame802154_is_broadcast_addr
                0x000000000020dc6a       0x1e obj_zoul/frame802154.o
                0x000000000020dc6a                frame802154_is_broadcast_addr
 .text.frame802154_hdrlen
                0x000000000020dc88       0x32 obj_zoul/frame802154.o
                0x000000000020dc88                frame802154_hdrlen
 .text.frame802154_create
                0x000000000020dcba       0xe6 obj_zoul/frame802154.o
                0x000000000020dcba                frame802154_create
 .text.parse    0x000000000020dda0       0x94 obj_zoul/framer-802154.o
 .text.create   0x000000000020de34        0x6 obj_zoul/framer-802154.o
 .text.hdr_length
                0x000000000020de3a        0x6 obj_zoul/framer-802154.o
 .text.mac_call_sent_callback
                0x000000000020de40       0x18 obj_zoul/mac.o
                0x000000000020de40                mac_call_sent_callback
 .text.duty_cycle
                0x000000000020de58        0x4 obj_zoul/contikimac.o
 .text.qsend_packet
                0x000000000020de5c       0x22 obj_zoul/contikimac.o
 .text.init     0x000000000020de7e        0x2 obj_zoul/nullsec.o
 .text.set_object
                0x000000000020de80        0x4 obj_zoul/cc1200.o
 .text.strobe   0x000000000020de84       0x18 obj_zoul/cc1200.o
 .text.state    0x000000000020de9c        0xe obj_zoul/cc1200.o
 .text.single_write
                0x000000000020deaa       0x2e obj_zoul/cc1200.o
 .text.single_read
                0x000000000020ded8       0x32 obj_zoul/cc1200.o
 .text.burst_read.constprop.12
                0x000000000020df0a       0x22 obj_zoul/cc1200.o
 .text.burst_write.constprop.13
                0x000000000020df2c       0x22 obj_zoul/cc1200.o
 .text.send     0x000000000020df4e       0x16 obj_zoul/cc1200.o
 .text.get_object
                0x000000000020df64        0x4 obj_zoul/cc1200.o
 .text.am2315_sensor_read.isra.0
                0x000000000020df68       0x60 obj_zoul/am2315.o
 *(SORT(.rodata*))
 .rodata.adc_zoul
                0x000000000020dfc8       0x10 obj_zoul/adc-zoul.o
                0x000000000020dfc8                adc_zoul
 .rodata.button_sensor
                0x000000000020dfd8       0x10 obj_zoul/button-sensor.o
                0x000000000020dfd8                button_sensor
 .rodata.uart_regs
                0x000000000020dfe8       0x58 obj_zoul/uart.o
 .rodata.reset_cause.5295
                0x000000000020e040       0x10 obj_zoul/sys-ctrl.o
 .rodata.spi_regs
                0x000000000020e050       0x30 obj_zoul/spi.o
 .rodata.cc2538_temp_sensor
                0x000000000020e080       0x10 obj_zoul/cc2538-temp-sensor.o
                0x000000000020e080                cc2538_temp_sensor
 .rodata.vdd3_sensor
                0x000000000020e090       0x10 obj_zoul/vdd3-sensor.o
                0x000000000020e090                vdd3_sensor
 .rodata.sicslowpan_driver
                0x000000000020e0a0        0xc obj_zoul/sicslowpan.o
                0x000000000020e0a0                sicslowpan_driver
 .rodata.csma_driver
                0x000000000020e0ac       0x1c obj_zoul/csma.o
                0x000000000020e0ac                csma_driver
 .rodata.framer_802154
                0x000000000020e0c8        0xc obj_zoul/framer-802154.o
                0x000000000020e0c8                framer_802154
 .rodata.contikimac_driver
                0x000000000020e0d4       0x20 obj_zoul/contikimac.o
                0x000000000020e0d4                contikimac_driver
 .rodata.nullsec_driver
                0x000000000020e0f4       0x10 obj_zoul/nullsec.o
                0x000000000020e0f4                nullsec_driver
 .rodata.cc1200_802154g_863_870_fsk_50kbps
                0x000000000020e104       0x24 obj_zoul/cc1200-802154g-863-870-fsk-50kbps.o
                0x000000000020e104                cc1200_802154g_863_870_fsk_50kbps
 .rodata.cc1200_driver
                0x000000000020e128       0x38 obj_zoul/cc1200.o
                0x000000000020e128                cc1200_driver
 .rodata.autostart_processes
                0x000000000020e160        0x8 client.co
                0x000000000020e160                autostart_processes
 .rodata.am2315
                0x000000000020e168       0x10 obj_zoul/am2315.o
                0x000000000020e168                am2315
 .rodata.fc2231
                0x000000000020e178       0x10 obj_zoul/fc2231.o
                0x000000000020e178                fc2231
 .rodata.preferredSettings
                0x000000000020e188       0xd0 obj_zoul/cc1200-802154g-863-870-fsk-50kbps.o
 .rodata.str1.1
                0x000000000020e258       0xae obj_zoul/er-coap.o
                                         0xaf (size before relaxing)
 .rodata.str1.1
                0x000000000020e306       0x66 obj_zoul/er-coap-engine.o
 .rodata.str1.1
                0x000000000020e36c        0x9 obj_zoul/er-coap-res-well-known-core.o
                                         0x19 (size before relaxing)
 .rodata.str1.1
                0x000000000020e375      0x24f obj_zoul/er-coap-observe-client.o
 .rodata.str1.1
                0x000000000020e5c4        0xc obj_zoul/rest-engine.o
 .rodata.str1.1
                0x000000000020e5d0       0x7e obj_zoul/contiki-main.o
 .rodata.str1.1
                0x000000000020e64e       0x15 obj_zoul/adc-zoul.o
 .rodata.str1.1
                0x000000000020e663        0x7 obj_zoul/button-sensor.o
 .rodata.str1.1
                0x000000000020e66a       0x94 obj_zoul/soc.o
 .rodata.str1.1
                0x000000000020e6fe       0x2d obj_zoul/sys-ctrl.o
 .rodata.str1.1
                0x000000000020e72b       0x11 obj_zoul/cc2538-rf.o
 .rodata.str1.1
                0x000000000020e73c       0x14 obj_zoul/cc2538-temp-sensor.o
 .rodata.str1.1
                0x000000000020e750        0x5 obj_zoul/vdd3-sensor.o
 .rodata.str1.1
                0x000000000020e755       0x33 obj_zoul/strformat.o
                                         0x37 (size before relaxing)
 .rodata.buffer.4238
                0x000000000020e788       0x10 obj_zoul/strformat.o
 .rodata.buffer.4247
                0x000000000020e798       0x10 obj_zoul/strformat.o
 .rodata.str1.1
                0x000000000020e7a8        0xf obj_zoul/ctimer.o
 .rodata.str1.1
                0x000000000020e7b7        0xc obj_zoul/etimer.o
 .rodata.str1.1
                0x000000000020e7c3        0xe obj_zoul/serial-line.o
 .rodata.str1.1
                0x000000000020e7d1        0x8 obj_zoul/sensors.o
 .rodata        0x000000000020e7d9        0x2 obj_zoul/sicslowpan.o
 .rodata.ttl_values
                0x000000000020e7db        0x4 obj_zoul/sicslowpan.o
 .rodata.unc_llconf
                0x000000000020e7df        0x4 obj_zoul/sicslowpan.o
                0x000000000020e7df                unc_llconf
 .rodata.llprefix
                0x000000000020e7e3        0x2 obj_zoul/sicslowpan.o
                0x000000000020e7e3                llprefix
 .rodata.unc_mxconf
                0x000000000020e7e5        0x4 obj_zoul/sicslowpan.o
                0x000000000020e7e5                unc_mxconf
 .rodata.str1.1
                0x000000000020e7e9        0xb obj_zoul/sicslowpan.o
 .rodata.unc_ctxconf
                0x000000000020e7f4        0x4 obj_zoul/sicslowpan.o
                0x000000000020e7f4                unc_ctxconf
 .rodata.str1.1
                0x000000000020e7f8        0xd obj_zoul/tcpip.o
 .rodata.str1.1
                0x000000000020e805       0x28 obj_zoul/uip-debug.o
 .rodata.linkaddr_null
                0x000000000020e82d        0x8 obj_zoul/linkaddr.o
                0x000000000020e82d                linkaddr_null
 .rodata.str1.1
                0x000000000020e835        0x5 obj_zoul/csma.o
 .rodata.str1.1
                0x000000000020e83a        0xb obj_zoul/contikimac.o
 .rodata.str1.1
                0x000000000020e845        0x8 obj_zoul/nullsec.o
 .rodata.rf_cfg_descriptor
                0x000000000020e84d       0x24 obj_zoul/cc1200-802154g-863-870-fsk-50kbps.o
 .rodata.str1.1
                0x000000000020e871      0x15c obj_zoul/cc1200.o
 .rodata.str1.1
                0x000000000020e9cd      0x127 client.co
 .rodata.str1.1
                0x000000000020eaf4       0x21 obj_zoul/am2315.o
 .rodata.str1.1
                0x000000000020eb15      0x10d obj_zoul/fc2231.o
                0x000000000020ec22                _etext = .

.glue_7         0x000000000020ec24        0x0
 .glue_7        0x000000000020ec24        0x0 linker stubs

.glue_7t        0x000000000020ec24        0x0
 .glue_7t       0x000000000020ec24        0x0 linker stubs

.vfp11_veneer   0x000000000020ec24        0x0
 .vfp11_veneer  0x000000000020ec24        0x0 linker stubs

.v4_bx          0x000000000020ec24        0x0
 .v4_bx         0x000000000020ec24        0x0 linker stubs

.iplt           0x000000000020ec24        0x0
 .iplt          0x000000000020ec24        0x0 obj_zoul/startup-gcc.o

.socdata        0x0000000020004000       0x40
 *(SORT(.udma_channel_control_table))
 .udma_channel_control_table
                0x0000000020004000       0x40 obj_zoul/udma.o

.data           0x0000000020004040      0x220 load address 0x000000000020ec24
                0x0000000020004040                _data = .
 *(SORT(.data*))
 .data.coap_error_message
                0x0000000020004040        0x4 obj_zoul/er-coap.o
                0x0000000020004040                coap_error_message
 .data.coap_engine
                0x0000000020004044       0x10 obj_zoul/er-coap-engine.o
                0x0000000020004044                coap_engine
 .data.transactions_memb
                0x0000000020004054        0xc obj_zoul/er-coap-transactions.o
 .data.observers_memb
                0x0000000020004060        0xc obj_zoul/er-coap-observe.o
 .data.res_well_known_core
                0x000000002000406c       0x24 obj_zoul/er-coap-res-well-known-core.o
                0x000000002000406c                res_well_known_core
 .data.rest_engine_process
                0x0000000020004090       0x10 obj_zoul/rest-engine.o
                0x0000000020004090                rest_engine_process
 .data.sensors  0x00000000200040a0       0x10 obj_zoul/zoul-sensors.o
                0x00000000200040a0                sensors
 .data.cc2538_rf_process
                0x00000000200040b0       0x10 obj_zoul/cc2538-rf.o
                0x00000000200040b0                cc2538_rf_process
 .data.ctxt     0x00000000200040c0        0x8 obj_zoul/dbg-printf.o
 .data.ctimer_process
                0x00000000200040c8       0x10 obj_zoul/ctimer.o
                0x00000000200040c8                ctimer_process
 .data.etimer_process
                0x00000000200040d8       0x10 obj_zoul/etimer.o
                0x00000000200040d8                etimer_process
 .data.serial_line_process
                0x00000000200040e8       0x10 obj_zoul/serial-line.o
                0x00000000200040e8                serial_line_process
 .data.sensors_process
                0x00000000200040f8       0x10 obj_zoul/sensors.o
                0x00000000200040f8                sensors_process
 .data.ds6_neighbors
                0x0000000020004108        0x4 obj_zoul/uip-ds6-nbr.o
                0x0000000020004108                ds6_neighbors
 .data.ds6_neighbors_struct
                0x000000002000410c       0x10 obj_zoul/uip-ds6-nbr.o
 .data.defaultroutermemb
                0x000000002000411c        0xc obj_zoul/uip-ds6-route.o
 .data.nbr_routes_struct
                0x0000000020004128       0x10 obj_zoul/uip-ds6-route.o
 .data.nbr_routes
                0x0000000020004138        0x4 obj_zoul/uip-ds6-route.o
                0x0000000020004138                nbr_routes
 .data.routememb
                0x000000002000413c        0xc obj_zoul/uip-ds6-route.o
 .data.neighborroutememb
                0x0000000020004148        0xc obj_zoul/uip-ds6-route.o
 .data.echo_request_handler
                0x0000000020004154        0xc obj_zoul/uip-icmp6.o
 .data.echo_reply_handler
                0x0000000020004160        0xc obj_zoul/uip-icmp6.o
 .data.tcpip_process
                0x000000002000416c       0x10 obj_zoul/tcpip.o
                0x000000002000416c                tcpip_process
 .data.rpl_parents
                0x000000002000417c        0x4 obj_zoul/rpl-dag.o
                0x000000002000417c                rpl_parents
 .data.rpl_parents_struct
                0x0000000020004180       0x10 obj_zoul/rpl-dag.o
 .data.dao_ack_handler
                0x0000000020004190        0xc obj_zoul/rpl-icmp6.o
 .data.dis_handler
                0x000000002000419c        0xc obj_zoul/rpl-icmp6.o
 .data.dao_handler
                0x00000000200041a8        0xc obj_zoul/rpl-icmp6.o
 .data.dio_handler
                0x00000000200041b4        0xc obj_zoul/rpl-icmp6.o
 .data.rpl_mrhof
                0x00000000200041c0       0x24 obj_zoul/rpl-mrhof.o
                0x00000000200041c0                rpl_mrhof
 .data.link_stats_struct
                0x00000000200041e4       0x10 obj_zoul/link-stats.o
 .data.neighbor_addr_mem
                0x00000000200041f4        0xc obj_zoul/nbr-table.o
 .data.bufmem   0x0000000020004200        0xc obj_zoul/queuebuf.o
 .data.buframmem
                0x000000002000420c        0xc obj_zoul/queuebuf.o
 .data.metadata_memb
                0x0000000020004218        0xc obj_zoul/csma.o
 .data.packet_memb
                0x0000000020004224        0xc obj_zoul/csma.o
 .data.neighbor_memb
                0x0000000020004230        0xc obj_zoul/csma.o
 .data.cc1200_process
                0x000000002000423c       0x10 obj_zoul/cc1200.o
                0x000000002000423c                cc1200_process
 .data.er_client
                0x000000002000424c       0x10 client.co
                0x000000002000424c                er_client
 .data.mac_pan_id
                0x000000002000425c        0x2 obj_zoul/frame802154.o
 .data.rf_channel
                0x000000002000425e        0x1 obj_zoul/cc2538-rf.o
 .data.dao_sequence
                0x000000002000425f        0x1 obj_zoul/rpl-icmp6.o
                0x0000000020004260                _edata = .
                0x000000000020ec24                _ldata = LOADADDR (.data)

.igot.plt       0x0000000020004260        0x0 load address 0x000000000020ee44
 .igot.plt      0x0000000020004260        0x0 obj_zoul/startup-gcc.o

.ARM.exidx      0x000000000020ee44        0x8
 *(SORT(.ARM.exidx*))
 .ARM.exidx     0x000000000020ee44        0x8 /usr/local/Cellar/gcc-arm-none-eabi-54/20160926/bin/../lib/gcc/arm-none-eabi/5.4.1/armv7-m/libgcc.a(_udivmoddi4.o)

.bss            0x0000000020004260     0x2a5f
                0x0000000020004260                _bss = .
 *(SORT(.bss*))
 .bss.rt_ticks_startup
                0x0000000020004260        0x8 obj_zoul/clock.o
 .bss.rt_ticks_epoch
                0x0000000020004268        0x8 obj_zoul/clock.o
 .bss.udp_conn  0x0000000020004270        0x4 obj_zoul/er-coap.o
 .bss.message.9225
                0x0000000020004274       0xa4 obj_zoul/er-coap-engine.o
 .bss.transaction.9227
                0x0000000020004318        0x4 obj_zoul/er-coap-engine.o
 .bss.response.9226
                0x000000002000431c       0xa4 obj_zoul/er-coap-engine.o
 .bss.service_cbk
                0x00000000200043c0        0x4 obj_zoul/er-coap-engine.o
 .bss.transactions_list_list
                0x00000000200043c4        0x4 obj_zoul/er-coap-transactions.o
 .bss.transaction_handler_process
                0x00000000200043c8        0x4 obj_zoul/er-coap-transactions.o
 .bss.transactions_memb_memb_mem
                0x00000000200043cc      0x420 obj_zoul/er-coap-transactions.o
 .bss.observers_memb_memb_mem
                0x00000000200047ec       0xf0 obj_zoul/er-coap-observe.o
 .bss.observers_list_list
                0x00000000200048dc        0x4 obj_zoul/er-coap-observe.o
 .bss.obs_subjects_list_list
                0x00000000200048e0        0x4 obj_zoul/er-coap-observe-client.o
 .bss.response.8778
                0x00000000200048e4       0xa4 obj_zoul/er-coap-observe-client.o
 .bss.restful_periodic_services_list
                0x0000000020004988        0x4 obj_zoul/rest-engine.o
 .bss.restful_services_list
                0x000000002000498c        0x4 obj_zoul/rest-engine.o
 .bss.press_counter
                0x0000000020004990       0x20 obj_zoul/button-sensor.o
 .bss.debouncetimer
                0x00000000200049b0        0x8 obj_zoul/button-sensor.o
 .bss.press_duration
                0x00000000200049b8        0x4 obj_zoul/button-sensor.o
 .bss.next_trigger